[cam_communication-1] [DEBUG] [1739375028.221423451] [rcl]: Subscription take succeeded: true
[cam_communication-1] [DEBUG] [1739375028.221430341] [robot0.cam_communication]: Received odometry update
[cam_communication-1] [DEBUG] [1739375028.221440211] [robot0.cam_communication]: Updated vehicle dynamics - Speed: 0.00 m/s, Acc: -0.00 m/s², Yaw rate: 0.00 rad/s
[cam_communication-2] [DEBUG] [1739375028.231503052] [rcl]: Subscription taking message
[cam_communication-2] [DEBUG] [1739375028.231516012] [rcl]: Subscription take succeeded: true
[cam_communication-2] [DEBUG] [1739375028.231523482] [robot1.cam_communication]: Received odometry update
[cam_communication-2] [DEBUG] [1739375028.231534112] [robot1.cam_communication]: Updated vehicle dynamics - Speed: 0.00 m/s, Acc: 0.09 m/s², Yaw rate: -0.00 rad/s
[cam_communication-1] [DEBUG] [1739375028.232548962] [rcl]: Subscription taking message
[cam_communication-1] [DEBUG] [1739375028.232595173] [rcl]: Subscription take succeeded: true
[cam_communication-1] [DEBUG] [1739375028.232605153] [robot0.cam_communication]: Received odometry update
[cam_communication-1] [DEBUG] [1739375028.232618573] [robot0.cam_communication]: Updated vehicle dynamics - Speed: 0.00 m/s, Acc: -0.00 m/s², Yaw rate: 0.00 rad/s
[cam_communication-2] [DEBUG] [1739375028.241368859] [rcl]: Subscription taking message
[cam_communication-2] [DEBUG] [1739375028.241380979] [rcl]: Subscription take succeeded: true
[cam_communication-2] [DEBUG] [1739375028.241387069] [robot1.cam_communication]: Received odometry update
[cam_communication-2] [DEBUG] [1739375028.241396239] [robot1.cam_communication]: Updated vehicle dynamics - Speed: 0.00 m/s, Acc: -0.04 m/s², Yaw rate: -0.00 rad/s
[cam_communication-1] [DEBUG] [1739375028.242378158] [rcl]: Subscription taking message
[cam_communication-1] [DEBUG] [1739375028.242396578] [rcl]: Subscription take succeeded: true
[cam_communication-1] [DEBUG] [1739375028.242405319] [robot0.cam_communication]: Received odometry update
[cam_communication-1] [DEBUG] [1739375028.242418319] [robot0.cam_communication]: Updated vehicle dynamics - Speed: 0.00 m/s, Acc: -0.00 m/s², Yaw rate: 0.00 rad/s
[cam_communication-2] [DEBUG] [1739375028.252671663] [rcl]: Subscription taking message
[cam_communication-2] [DEBUG] [1739375028.252684804] [rcl]: Subscription take succeeded: true
[cam_communication-2] [DEBUG] [1739375028.252690824] [robot1.cam_communication]: Received odometry update
[cam_communication-2] [DEBUG] [1739375028.252704584] [robot1.cam_communication]: Updated vehicle dynamics - Speed: 0.00 m/s, Acc: 0.01 m/s², Yaw rate: 0.00 rad/s
[cam_communication-1] [DEBUG] [1739375028.253656662] [rcl]: Subscription taking message
[cam_communication-1] [DEBUG] [1739375028.253670092] [rcl]: Subscription take succeeded: true
[cam_communication-1] [DEBUG] [1739375028.253677302] [robot0.cam_communication]: Received odometry update
[cam_communication-1] [DEBUG] [1739375028.253687633] [robot0.cam_communication]: Updated vehicle dynamics - Speed: 0.00 m/s, Acc: -0.00 m/s², Yaw rate: 0.00 rad/s
[cam_communication-2] [DEBUG] [1739375028.262874957] [rcl]: Subscription taking message
[cam_communication-2] [DEBUG] [1739375028.262887497] [rcl]: Subscription take succeeded: true
[cam_communication-2] [DEBUG] [1739375028.262893927] [robot1.cam_communication]: Received odometry update
[cam_communication-2] [DEBUG] [1739375028.262903627] [robot1.cam_communication]: Updated vehicle dynamics - Speed: 0.00 m/s, Acc: 0.03 m/s², Yaw rate: -0.00 rad/s
[cam_communication-1] [DEBUG] [1739375028.263857725] [rcl]: Subscription taking message
[cam_communication-1] [DEBUG] [1739375028.263870626] [rcl]: Subscription take succeeded: true
[cam_communication-1] [DEBUG] [1739375028.263897196] [robot0.cam_communication]: Received odometry update
[cam_communication-1] [DEBUG] [1739375028.263907676] [robot0.cam_communication]: Updated vehicle dynamics - Speed: 0.00 m/s, Acc: -0.00 m/s², Yaw rate: 0.00 rad/s
[cam_communication-2] [DEBUG] [1739375028.273794124] [rcl]: Subscription taking message
[cam_communication-2] [DEBUG] [1739375028.273806334] [rcl]: Subscription take succeeded: true
[cam_communication-2] [DEBUG] [1739375028.273812854] [robot1.cam_communication]: Received odometry update
[cam_communication-2] [DEBUG] [1739375028.273822294] [robot1.cam_communication]: Updated vehicle dynamics - Speed: 0.00 m/s, Acc: 0.10 m/s², Yaw rate: -0.00 rad/s
[cam_communication-1] [DEBUG] [1739375028.274795133] [rcl]: Subscription taking message
[cam_communication-1] [DEBUG] [1739375028.274807533] [rcl]: Subscription take succeeded: true
[cam_communication-1] [DEBUG] [1739375028.274813663] [robot0.cam_communication]: Received odometry update
[cam_communication-1] [DEBUG] [1739375028.274822483] [robot0.cam_communication]: Updated vehicle dynamics - Speed: 0.00 m/s, Acc: -0.00 m/s², Yaw rate: 0.00 rad/s
[cam_communication-2] [DEBUG] [1739375028.283663181] [rcl]: Subscription taking message
[cam_communication-2] [DEBUG] [1739375028.283679051] [rcl]: Subscription take succeeded: true
[cam_communication-2] [DEBUG] [1739375028.283687722] [robot1.cam_communication]: Received odometry update
[cam_communication-2] [DEBUG] [1739375028.283699262] [robot1.cam_communication]: Updated vehicle dynamics - Speed: 0.00 m/s, Acc: -0.19 m/s², Yaw rate: -0.00 rad/s
[cam_communication-1] [DEBUG] [1739375028.285362463] [rcl]: Subscription taking message
[cam_communication-1] [DEBUG] [1739375028.285373114] [rcl]: Subscription take succeeded: true
[cam_communication-1] [DEBUG] [1739375028.285378714] [robot0.cam_communication]: Received odometry update
[cam_communication-1] [DEBUG] [1739375028.285386784] [robot0.cam_communication]: Updated vehicle dynamics - Speed: 0.00 m/s, Acc: -0.00 m/s², Yaw rate: 0.00 rad/s
[cam_communication-2] [DEBUG] [1739375028.294288783] [rcl]: Subscription taking message
[cam_communication-2] [DEBUG] [1739375028.294300973] [rcl]: Subscription take succeeded: true
[cam_communication-2] [DEBUG] [1739375028.294307073] [robot1.cam_communication]: Received odometry update
[cam_communication-2] [DEBUG] [1739375028.294315663] [robot1.cam_communication]: Updated vehicle dynamics - Speed: 0.00 m/s, Acc: 0.33 m/s², Yaw rate: -0.00 rad/s
[cam_communication-1] [DEBUG] [1739375028.295336292] [rcl]: Subscription taking message
[cam_communication-1] [DEBUG] [1739375028.295370243] [rcl]: Subscription take succeeded: true
[cam_communication-1] [DEBUG] [1739375028.295398494] [robot0.cam_communication]: Received odometry update
[cam_communication-1] [DEBUG] [1739375028.295428044] [robot0.cam_communication]: Updated vehicle dynamics - Speed: 0.00 m/s, Acc: -0.00 m/s², Yaw rate: 0.00 rad/s
[cam_communication-2] [DEBUG] [1739375028.305393673] [rcl]: Subscription taking message
[cam_communication-2] [DEBUG] [1739375028.305414384] [rcl]: Subscription take succeeded: true
[cam_communication-2] [DEBUG] [1739375028.305425254] [robot1.cam_communication]: Received odometry update
[cam_communication-2] [DEBUG] [1739375028.305438084] [robot1.cam_communication]: Updated vehicle dynamics - Speed: 0.00 m/s, Acc: -0.27 m/s², Yaw rate: -0.00 rad/s
[cam_communication-1] [DEBUG] [1739375028.306401912] [rcl]: Subscription taking message
[cam_communication-1] [DEBUG] [1739375028.306433283] [rcl]: Subscription take succeeded: true
[cam_communication-1] [DEBUG] [1739375028.306448743] [robot0.cam_communication]: Received odometry update
[cam_communication-1] [DEBUG] [1739375028.306472124] [robot0.cam_communication]: Updated vehicle dynamics - Speed: 0.00 m/s, Acc: -0.00 m/s², Yaw rate: 0.00 rad/s
[cam_communication-1] [DEBUG] [1739375028.306705688] [rcl]: Calling timer
[cam_communication-1] [DEBUG] [1739375028.306715888] [robot0.cam_communication]: Timer callback - Time since last CAM: 1.10 seconds
[cam_communication-1] [INFO] [1739375028.306726199] [robot0.cam_communication]: Publishing CAM due to timeout (>1s since last message)
[cam_communication-1] [INFO] [1739375028.306732699] [robot0.cam_communication]: Publishing CAM message (trigger: timeout)
[cam_communication-1] [DEBUG] [1739375028.306737579] [robot0.cam_communication]: Vehicle state:
[cam_communication-1] [DEBUG] [1739375028.306741799] [robot0.cam_communication]:   Position: (0.000000, 0.000000, 0.00)
[cam_communication-1] [DEBUG] [1739375028.306747209] [robot0.cam_communication]:   Speed: 0.00 m/s
[cam_communication-1] [DEBUG] [1739375028.306751789] [robot0.cam_communication]:   Heading: 0.00 deg
[cam_communication-1] [DEBUG] [1739375028.306769089] [robot0.cam_communication]:   Acceleration: -0.00 m/s²
[cam_communication-1] [DEBUG] [1739375028.306773349] [robot0.cam_communication]:   Yaw rate: 0.00 rad/s
[cam_communication-1] [DEBUG] [1739375028.306777429] [robot0.cam_communication]:   Curvature: 0.0083
[cam_communication-1] [DEBUG] [1739375028.306781690] [robot0.cam_communication]:   Drive direction: 1
[cam_communication-1] [INFO] [1739375028.306869781] [robot0.cam_communication]: CAM message published successfully
[cam_communication-1] [DEBUG] [1739375028.306906802] [rcl]: Subscription taking message
[cam_communication-1] [DEBUG] [1739375028.306919772] [rcl]: Subscription take succeeded: true
[cam_communication-1] [INFO] [1739375028.306936172] [robot0.cam_communication]: Received CAM message from Robot2 (my index=0, following Robot-1)
[cam_communication-2] [DEBUG] [1739375028.306915842] [rcl]: Subscription taking message
[cam_communication-2] [DEBUG] [1739375028.306933472] [rcl]: Subscription take succeeded: true
[cam_communication-2] [INFO] [1739375028.306960533] [robot1.cam_communication]: Received CAM message from Robot2 (my index=1, following Robot0)
[cam_communication-2] [DEBUG] [1739375028.313390165] [rcl]: Calling timer
[cam_communication-2] [DEBUG] [1739375028.313401905] [robot1.cam_communication]: Timer callback - Time since last CAM: 1.10 seconds
[cam_communication-2] [INFO] [1739375028.313414945] [robot1.cam_communication]: Publishing CAM due to timeout (>1s since last message)
[cam_communication-2] [INFO] [1739375028.313427286] [robot1.cam_communication]: Publishing CAM message (trigger: timeout)
[cam_communication-2] [DEBUG] [1739375028.313432506] [robot1.cam_communication]: Vehicle state:
[cam_communication-2] [DEBUG] [1739375028.313435686] [robot1.cam_communication]:   Position: (0.000000, 0.000000, 0.00)
[cam_communication-2] [DEBUG] [1739375028.313440646] [robot1.cam_communication]:   Speed: 0.00 m/s
[cam_communication-2] [DEBUG] [1739375028.313453376] [robot1.cam_communication]:   Heading: 0.00 deg
[cam_communication-2] [DEBUG] [1739375028.313458076] [robot1.cam_communication]:   Acceleration: -0.27 m/s²
[cam_communication-2] [DEBUG] [1739375028.313462826] [robot1.cam_communication]:   Yaw rate: -0.00 rad/s
[cam_communication-2] [DEBUG] [1739375028.313467406] [robot1.cam_communication]:   Curvature: -0.5111
[cam_communication-2] [DEBUG] [1739375028.313471996] [robot1.cam_communication]:   Drive direction: 1
[cam_communication-2] [INFO] [1739375028.313521777] [robot1.cam_communication]: CAM message published successfully
[cam_communication-2] [DEBUG] [1739375028.313543968] [rcl]: Subscription taking message
[cam_communication-2] [DEBUG] [1739375028.313550728] [rcl]: Subscription take succeeded: true
[cam_communication-2] [INFO] [1739375028.313556928] [robot1.cam_communication]: Received CAM message from Robot2 (my index=1, following Robot0)
[cam_communication-1] [DEBUG] [1739375028.313566718] [rcl]: Subscription taking message
[cam_communication-1] [DEBUG] [1739375028.313589109] [rcl]: Subscription take succeeded: true
[cam_communication-1] [INFO] [1739375028.313601019] [robot0.cam_communication]: Received CAM message from Robot2 (my index=0, following Robot-1)
[cam_communication-2] [DEBUG] [1739375028.315429344] [rcl]: Subscription taking message
[cam_communication-2] [DEBUG] [1739375028.315442824] [rcl]: Subscription take succeeded: true
[cam_communication-2] [DEBUG] [1739375028.315450184] [robot1.cam_communication]: Received odometry update
[cam_communication-2] [DEBUG] [1739375028.315460854] [robot1.cam_communication]: Updated vehicle dynamics - Speed: 0.00 m/s, Acc: 0.13 m/s², Yaw rate: 0.00 rad/s
[cam_communication-1] [DEBUG] [1739375028.316314840] [rcl]: Subscription taking message
[cam_communication-1] [DEBUG] [1739375028.316335461] [rcl]: Subscription take succeeded: true
[cam_communication-1] [DEBUG] [1739375028.316346741] [robot0.cam_communication]: Received odometry update
[cam_communication-1] [DEBUG] [1739375028.316360481] [robot0.cam_communication]: Updated vehicle dynamics - Speed: 0.00 m/s, Acc: -0.00 m/s², Yaw rate: 0.00 rad/s
[cam_communication-2] [DEBUG] [1739375028.325699018] [rcl]: Subscription taking message
[cam_communication-2] [DEBUG] [1739375028.325712199] [rcl]: Subscription take succeeded: true
[cam_communication-2] [DEBUG] [1739375028.325718519] [robot1.cam_communication]: Received odometry update
[cam_communication-2] [DEBUG] [1739375028.325727139] [robot1.cam_communication]: Updated vehicle dynamics - Speed: 0.00 m/s, Acc: -0.08 m/s², Yaw rate: 0.00 rad/s
[cam_communication-1] [DEBUG] [1739375028.326731708] [rcl]: Subscription taking message
[cam_communication-1] [DEBUG] [1739375028.326764419] [rcl]: Subscription take succeeded: true
[cam_communication-1] [DEBUG] [1739375028.326782329] [robot0.cam_communication]: Received odometry update
[cam_communication-1] [DEBUG] [1739375028.326801779] [robot0.cam_communication]: Updated vehicle dynamics - Speed: 0.00 m/s, Acc: -0.00 m/s², Yaw rate: 0.00 rad/s
[cam_communication-2] [DEBUG] [1739375028.335841251] [rcl]: Subscription taking message
[cam_communication-2] [DEBUG] [1739375028.335853391] [rcl]: Subscription take succeeded: true
[cam_communication-2] [DEBUG] [1739375028.335859461] [robot1.cam_communication]: Received odometry update
[cam_communication-2] [DEBUG] [1739375028.335868101] [robot1.cam_communication]: Updated vehicle dynamics - Speed: 0.00 m/s, Acc: -0.16 m/s², Yaw rate: 0.00 rad/s
[cam_communication-1] [DEBUG] [1739375028.336799769] [rcl]: Subscription taking message
[cam_communication-1] [DEBUG] [1739375028.336814939] [rcl]: Subscription take succeeded: true
[cam_communication-1] [DEBUG] [1739375028.336822459] [robot0.cam_communication]: Received odometry update
[cam_communication-1] [DEBUG] [1739375028.336835840] [robot0.cam_communication]: Updated vehicle dynamics - Speed: 0.00 m/s, Acc: -0.00 m/s², Yaw rate: 0.00 rad/s
[cam_communication-2] [DEBUG] [1739375028.346474132] [rcl]: Subscription taking message
[cam_communication-2] [DEBUG] [1739375028.346486203] [rcl]: Subscription take succeeded: true
[cam_communication-2] [DEBUG] [1739375028.346492093] [robot1.cam_communication]: Received odometry update
[cam_communication-2] [DEBUG] [1739375028.346501363] [robot1.cam_communication]: Updated vehicle dynamics - Speed: 0.00 m/s, Acc: 0.00 m/s², Yaw rate: 0.00 rad/s
[cam_communication-1] [DEBUG] [1739375028.347464691] [rcl]: Subscription taking message
[cam_communication-1] [DEBUG] [1739375028.347479561] [rcl]: Subscription take succeeded: true
[cam_communication-1] [DEBUG] [1739375028.347486972] [robot0.cam_communication]: Received odometry update
[cam_communication-1] [DEBUG] [1739375028.347506702] [robot0.cam_communication]: Updated vehicle dynamics - Speed: 0.00 m/s, Acc: -0.00 m/s², Yaw rate: 0.00 rad/s
[cam_communication-2] [DEBUG] [1739375028.357394599] [rcl]: Subscription taking message
[cam_communication-2] [DEBUG] [1739375028.357406210] [rcl]: Subscription take succeeded: true
[cam_communication-2] [DEBUG] [1739375028.357412220] [robot1.cam_communication]: Received odometry update
[cam_communication-2] [DEBUG] [1739375028.357421370] [robot1.cam_communication]: Updated vehicle dynamics - Speed: 0.00 m/s, Acc: 0.20 m/s², Yaw rate: 0.00 rad/s
[cam_communication-1] [DEBUG] [1739375028.358383158] [rcl]: Subscription taking message
[cam_communication-1] [DEBUG] [1739375028.358394898] [rcl]: Subscription take succeeded: true
[cam_communication-1] [DEBUG] [1739375028.358401569] [robot0.cam_communication]: Received odometry update
[cam_communication-1] [DEBUG] [1739375028.358410979] [robot0.cam_communication]: Updated vehicle dynamics - Speed: 0.00 m/s, Acc: -0.00 m/s², Yaw rate: 0.00 rad/s
[cam_communication-2] [DEBUG] [1739375028.367756156] [rcl]: Subscription taking message
[cam_communication-2] [DEBUG] [1739375028.367767666] [rcl]: Subscription take succeeded: true
[cam_communication-2] [DEBUG] [1739375028.367773766] [robot1.cam_communication]: Received odometry update
[cam_communication-2] [DEBUG] [1739375028.367782466] [robot1.cam_communication]: Updated vehicle dynamics - Speed: 0.00 m/s, Acc: 0.01 m/s², Yaw rate: 0.00 rad/s
[cam_communication-1] [DEBUG] [1739375028.368699904] [rcl]: Subscription taking message
[cam_communication-1] [DEBUG] [1739375028.368714984] [rcl]: Subscription take succeeded: true
[cam_communication-1] [DEBUG] [1739375028.368722844] [robot0.cam_communication]: Received odometry update
[cam_communication-1] [DEBUG] [1739375028.368733495] [robot0.cam_communication]: Updated vehicle dynamics - Speed: 0.00 m/s, Acc: -0.00 m/s², Yaw rate: 0.00 rad/s
[cam_communication-2] [DEBUG] [1739375028.378266925] [rcl]: Subscription taking message
[cam_communication-2] [DEBUG] [1739375028.378279736] [rcl]: Subscription take succeeded: true
[cam_communication-2] [DEBUG] [1739375028.378287326] [robot1.cam_communication]: Received odometry update
[cam_communication-2] [DEBUG] [1739375028.378298926] [robot1.cam_communication]: Updated vehicle dynamics - Speed: 0.00 m/s, Acc: -0.13 m/s², Yaw rate: 0.00 rad/s
[cam_communication-1] [DEBUG] [1739375028.379250994] [rcl]: Subscription taking message
[cam_communication-1] [DEBUG] [1739375028.379262584] [rcl]: Subscription take succeeded: true
[cam_communication-1] [DEBUG] [1739375028.379268824] [robot0.cam_communication]: Received odometry update
[cam_communication-1] [DEBUG] [1739375028.379277625] [robot0.cam_communication]: Updated vehicle dynamics - Speed: 0.00 m/s, Acc: -0.00 m/s², Yaw rate: 0.00 rad/s
[cam_communication-2] [DEBUG] [1739375028.388204104] [rcl]: Subscription taking message
[cam_communication-2] [DEBUG] [1739375028.388229484] [rcl]: Subscription take succeeded: true
[cam_communication-2] [DEBUG] [1739375028.388235994] [robot1.cam_communication]: Received odometry update
[cam_communication-2] [DEBUG] [1739375028.388244575] [robot1.cam_communication]: Updated vehicle dynamics - Speed: 0.00 m/s, Acc: -0.03 m/s², Yaw rate: 0.00 rad/s
[cam_communication-1] [DEBUG] [1739375028.389199103] [rcl]: Subscription taking message
[cam_communication-1] [DEBUG] [1739375028.389212213] [rcl]: Subscription take succeeded: true
[cam_communication-1] [DEBUG] [1739375028.389218753] [robot0.cam_communication]: Received odometry update
[cam_communication-1] [DEBUG] [1739375028.389229083] [robot0.cam_communication]: Updated vehicle dynamics - Speed: 0.00 m/s, Acc: -0.00 m/s², Yaw rate: -0.00 rad/s
[cam_communication-2] [DEBUG] [1739375028.400833653] [rcl]: Subscription taking message
[cam_communication-2] [DEBUG] [1739375028.400851194] [rcl]: Subscription take succeeded: true
[cam_communication-2] [DEBUG] [1739375028.400861884] [robot1.cam_communication]: Received odometry update
[cam_communication-2] [DEBUG] [1739375028.400876364] [robot1.cam_communication]: Updated vehicle dynamics - Speed: 0.00 m/s, Acc: 0.13 m/s², Yaw rate: 0.00 rad/s
[cam_communication-1] [DEBUG] [1739375028.401826032] [rcl]: Subscription taking message
[cam_communication-1] [DEBUG] [1739375028.401841132] [rcl]: Subscription take succeeded: true
[cam_communication-1] [DEBUG] [1739375028.401850413] [robot0.cam_communication]: Received odometry update
[cam_communication-1] [DEBUG] [1739375028.401864013] [robot0.cam_communication]: Updated vehicle dynamics - Speed: 0.00 m/s, Acc: 0.00 m/s², Yaw rate: 0.00 rad/s
[cam_communication-1] [DEBUG] [1739375028.406706985] [rcl]: Calling timer
[cam_communication-1] [DEBUG] [1739375028.406716075] [robot0.cam_communication]: Timer callback - Time since last CAM: 0.10 seconds
[cam_communication-1] [DEBUG] [1739375028.406727185] [robot0.cam_communication]: Checking trigger conditions:
[cam_communication-1] [DEBUG] [1739375028.406730635] [robot0.cam_communication]:   Speed diff: 0.000 (threshold: 0.05)
[cam_communication-1] [DEBUG] [1739375028.406734105] [robot0.cam_communication]:   Position diff: 0.000 (threshold: 0.4)
[cam_communication-1] [DEBUG] [1739375028.406741885] [robot0.cam_communication]:   Heading diff: 0.000 degrees (threshold: 4.0)
[cam_communication-2] [DEBUG] [1739375028.411867483] [rcl]: Subscription taking message
[cam_communication-2] [DEBUG] [1739375028.411881433] [rcl]: Subscription take succeeded: true
[cam_communication-2] [DEBUG] [1739375028.411888503] [robot1.cam_communication]: Received odometry update
[cam_communication-2] [DEBUG] [1739375028.411898663] [robot1.cam_communication]: Updated vehicle dynamics - Speed: 0.00 m/s, Acc: 0.02 m/s², Yaw rate: 0.00 rad/s
[cam_communication-1] [DEBUG] [1739375028.412853741] [rcl]: Subscription taking message
[cam_communication-1] [DEBUG] [1739375028.412866442] [rcl]: Subscription take succeeded: true
[cam_communication-1] [DEBUG] [1739375028.412874292] [robot0.cam_communication]: Received odometry update
[cam_communication-1] [DEBUG] [1739375028.412886742] [robot0.cam_communication]: Updated vehicle dynamics - Speed: 0.00 m/s, Acc: -0.00 m/s², Yaw rate: -0.00 rad/s
[cam_communication-2] [DEBUG] [1739375028.413319570] [rcl]: Calling timer
[cam_communication-2] [DEBUG] [1739375028.413328290] [robot1.cam_communication]: Timer callback - Time since last CAM: 0.10 seconds
[cam_communication-2] [DEBUG] [1739375028.413339561] [robot1.cam_communication]: Checking trigger conditions:
[cam_communication-2] [DEBUG] [1739375028.413343211] [robot1.cam_communication]:   Speed diff: 0.001 (threshold: 0.05)
[cam_communication-2] [DEBUG] [1739375028.413346651] [robot1.cam_communication]:   Position diff: 0.000 (threshold: 0.4)
[cam_communication-2] [DEBUG] [1739375028.413358671] [robot1.cam_communication]:   Heading diff: 0.000 degrees (threshold: 4.0)
[cam_communication-2] [DEBUG] [1739375028.421850042] [rcl]: Subscription taking message
[cam_communication-2] [DEBUG] [1739375028.421865482] [rcl]: Subscription take succeeded: true
[cam_communication-2] [DEBUG] [1739375028.421873762] [robot1.cam_communication]: Received odometry update
[cam_communication-2] [DEBUG] [1739375028.421883573] [robot1.cam_communication]: Updated vehicle dynamics - Speed: 0.00 m/s, Acc: -0.02 m/s², Yaw rate: -0.00 rad/s
[cam_communication-1] [DEBUG] [1739375028.422840821] [rcl]: Subscription taking message
[cam_communication-1] [DEBUG] [1739375028.422852931] [rcl]: Subscription take succeeded: true
[cam_communication-1] [DEBUG] [1739375028.422871651] [robot0.cam_communication]: Received odometry update
[cam_communication-1] [DEBUG] [1739375028.422885182] [robot0.cam_communication]: Updated vehicle dynamics - Speed: 0.00 m/s, Acc: 0.00 m/s², Yaw rate: 0.00 rad/s
[cam_communication-2] [DEBUG] [1739375028.432698548] [rcl]: Subscription taking message
[cam_communication-2] [DEBUG] [1739375028.432712578] [rcl]: Subscription take succeeded: true
[cam_communication-2] [DEBUG] [1739375028.432720878] [robot1.cam_communication]: Received odometry update
[cam_communication-2] [DEBUG] [1739375028.432730348] [robot1.cam_communication]: Updated vehicle dynamics - Speed: 0.00 m/s, Acc: -0.06 m/s², Yaw rate: -0.00 rad/s
[cam_communication-1] [DEBUG] [1739375028.433695187] [rcl]: Subscription taking message
[cam_communication-1] [DEBUG] [1739375028.433707547] [rcl]: Subscription take succeeded: true
[cam_communication-1] [DEBUG] [1739375028.433714897] [robot0.cam_communication]: Received odometry update
[cam_communication-1] [DEBUG] [1739375028.433724957] [robot0.cam_communication]: Updated vehicle dynamics - Speed: 0.00 m/s, Acc: -0.00 m/s², Yaw rate: -0.00 rad/s
[cam_communication-2] [DEBUG] [1739375028.442697627] [rcl]: Subscription taking message
[cam_communication-2] [DEBUG] [1739375028.442711958] [rcl]: Subscription take succeeded: true
[cam_communication-2] [DEBUG] [1739375028.442720268] [robot1.cam_communication]: Received odometry update
[cam_communication-2] [DEBUG] [1739375028.442733318] [robot1.cam_communication]: Updated vehicle dynamics - Speed: 0.00 m/s, Acc: -0.05 m/s², Yaw rate: -0.00 rad/s
[cam_communication-1] [DEBUG] [1739375028.443700176] [rcl]: Subscription taking message
[cam_communication-1] [DEBUG] [1739375028.443715717] [rcl]: Subscription take succeeded: true
[cam_communication-1] [DEBUG] [1739375028.443723707] [robot0.cam_communication]: Received odometry update
[cam_communication-1] [DEBUG] [1739375028.443734997] [robot0.cam_communication]: Updated vehicle dynamics - Speed: 0.00 m/s, Acc: 0.00 m/s², Yaw rate: 0.00 rad/s
[cam_communication-2] [DEBUG] [1739375028.453317619] [rcl]: Subscription taking message
[cam_communication-2] [DEBUG] [1739375028.453334959] [rcl]: Subscription take succeeded: true
[cam_communication-2] [DEBUG] [1739375028.453345309] [robot1.cam_communication]: Received odometry update
[cam_communication-2] [DEBUG] [1739375028.453401910] [robot1.cam_communication]: Updated vehicle dynamics - Speed: 0.00 m/s, Acc: -0.03 m/s², Yaw rate: 0.00 rad/s
[cam_communication-1] [DEBUG] [1739375028.454316568] [rcl]: Subscription taking message
[cam_communication-1] [DEBUG] [1739375028.454332678] [rcl]: Subscription take succeeded: true
[cam_communication-1] [DEBUG] [1739375028.454340408] [robot0.cam_communication]: Received odometry update
[cam_communication-1] [DEBUG] [1739375028.454350398] [robot0.cam_communication]: Updated vehicle dynamics - Speed: 0.00 m/s, Acc: -0.00 m/s², Yaw rate: -0.00 rad/s
[cam_communication-2] [DEBUG] [1739375028.463320098] [rcl]: Subscription taking message
[cam_communication-2] [DEBUG] [1739375028.463333759] [rcl]: Subscription take succeeded: true
[cam_communication-2] [DEBUG] [1739375028.463342489] [robot1.cam_communication]: Received odometry update
[cam_communication-2] [DEBUG] [1739375028.463354709] [robot1.cam_communication]: Updated vehicle dynamics - Speed: 0.00 m/s, Acc: 0.15 m/s², Yaw rate: 0.00 rad/s
[cam_communication-1] [DEBUG] [1739375028.464936119] [rcl]: Subscription taking message
[cam_communication-1] [DEBUG] [1739375028.464948199] [rcl]: Subscription take succeeded: true
[cam_communication-1] [DEBUG] [1739375028.464955029] [robot0.cam_communication]: Received odometry update
[cam_communication-1] [DEBUG] [1739375028.464964650] [robot0.cam_communication]: Updated vehicle dynamics - Speed: 0.00 m/s, Acc: 0.00 m/s², Yaw rate: 0.00 rad/s
[cam_communication-2] [DEBUG] [1739375028.473949800] [rcl]: Subscription taking message
[cam_communication-2] [DEBUG] [1739375028.473963250] [rcl]: Subscription take succeeded: true
[cam_communication-2] [DEBUG] [1739375028.473980651] [robot1.cam_communication]: Received odometry update
[cam_communication-2] [DEBUG] [1739375028.473997141] [robot1.cam_communication]: Updated vehicle dynamics - Speed: 0.00 m/s, Acc: -0.14 m/s², Yaw rate: 0.00 rad/s
[cam_communication-1] [DEBUG] [1739375028.474940929] [rcl]: Subscription taking message
[cam_communication-1] [DEBUG] [1739375028.474954529] [rcl]: Subscription take succeeded: true
[cam_communication-1] [DEBUG] [1739375028.474961759] [robot0.cam_communication]: Received odometry update
[cam_communication-1] [DEBUG] [1739375028.474980790] [robot0.cam_communication]: Updated vehicle dynamics - Speed: 0.00 m/s, Acc: 0.00 m/s², Yaw rate: -0.00 rad/s
[cam_communication-2] [DEBUG] [1739375028.484560351] [rcl]: Subscription taking message
[cam_communication-2] [DEBUG] [1739375028.484575362] [rcl]: Subscription take succeeded: true
[cam_communication-2] [DEBUG] [1739375028.484583472] [robot1.cam_communication]: Received odometry update
[cam_communication-2] [DEBUG] [1739375028.484597222] [robot1.cam_communication]: Updated vehicle dynamics - Speed: 0.00 m/s, Acc: -0.07 m/s², Yaw rate: -0.00 rad/s
[cam_communication-1] [DEBUG] [1739375028.485398517] [rcl]: Subscription taking message
[cam_communication-1] [DEBUG] [1739375028.485410367] [rcl]: Subscription take succeeded: true
[cam_communication-1] [DEBUG] [1739375028.485416638] [robot0.cam_communication]: Received odometry update
[cam_communication-1] [DEBUG] [1739375028.485442228] [robot0.cam_communication]: Updated vehicle dynamics - Speed: 0.00 m/s, Acc: -0.00 m/s², Yaw rate: 0.00 rad/s
[cam_communication-2] [DEBUG] [1739375028.494690933] [rcl]: Subscription taking message
[cam_communication-2] [DEBUG] [1739375028.494704854] [rcl]: Subscription take succeeded: true
[cam_communication-2] [DEBUG] [1739375028.494712234] [robot1.cam_communication]: Received odometry update
[cam_communication-2] [DEBUG] [1739375028.494721834] [robot1.cam_communication]: Updated vehicle dynamics - Speed: 0.00 m/s, Acc: 0.04 m/s², Yaw rate: 0.00 rad/s
[cam_communication-1] [DEBUG] [1739375028.495691132] [rcl]: Subscription taking message
[cam_communication-1] [DEBUG] [1739375028.495705283] [rcl]: Subscription take succeeded: true
[cam_communication-1] [DEBUG] [1739375028.495713243] [robot0.cam_communication]: Received odometry update
[cam_communication-1] [DEBUG] [1739375028.495723083] [robot0.cam_communication]: Updated vehicle dynamics - Speed: 0.00 m/s, Acc: 0.00 m/s², Yaw rate: -0.00 rad/s
[cam_communication-2] [DEBUG] [1739375028.505692722] [rcl]: Subscription taking message
[cam_communication-2] [DEBUG] [1739375028.505706492] [rcl]: Subscription take succeeded: true
[cam_communication-2] [DEBUG] [1739375028.505714092] [robot1.cam_communication]: Received odometry update
[cam_communication-2] [DEBUG] [1739375028.505724263] [robot1.cam_communication]: Updated vehicle dynamics - Speed: 0.00 m/s, Acc: -0.02 m/s², Yaw rate: -0.00 rad/s
[cam_communication-1] [DEBUG] [1739375028.506673131] [rcl]: Calling timer
[cam_communication-1] [DEBUG] [1739375028.506685311] [robot0.cam_communication]: Timer callback - Time since last CAM: 0.20 seconds
[cam_communication-1] [DEBUG] [1739375028.506713981] [robot0.cam_communication]: Checking trigger conditions:
[cam_communication-1] [DEBUG] [1739375028.506724902] [robot0.cam_communication]:   Speed diff: 0.000 (threshold: 0.05)
[cam_communication-1] [DEBUG] [1739375028.506730442] [robot0.cam_communication]:   Position diff: 0.000 (threshold: 0.4)
[cam_communication-1] [DEBUG] [1739375028.506734722] [robot0.cam_communication]:   Heading diff: 0.000 degrees (threshold: 4.0)
[cam_communication-1] [DEBUG] [1739375028.506756112] [rcl]: Subscription taking message
[cam_communication-1] [DEBUG] [1739375028.506764232] [rcl]: Subscription take succeeded: true
[cam_communication-1] [DEBUG] [1739375028.506770663] [robot0.cam_communication]: Received odometry update
[cam_communication-1] [DEBUG] [1739375028.506776773] [robot0.cam_communication]: Updated vehicle dynamics - Speed: 0.00 m/s, Acc: -0.00 m/s², Yaw rate: 0.00 rad/s
[cam_communication-2] [DEBUG] [1739375028.513322647] [rcl]: Calling timer
[cam_communication-2] [DEBUG] [1739375028.513333157] [robot1.cam_communication]: Timer callback - Time since last CAM: 0.20 seconds
[cam_communication-2] [DEBUG] [1739375028.513346487] [robot1.cam_communication]: Checking trigger conditions:
[cam_communication-2] [DEBUG] [1739375028.513350697] [robot1.cam_communication]:   Speed diff: 0.001 (threshold: 0.05)
[cam_communication-2] [DEBUG] [1739375028.513354997] [robot1.cam_communication]:   Position diff: 0.000 (threshold: 0.4)
[cam_communication-2] [DEBUG] [1739375028.513358687] [robot1.cam_communication]:   Heading diff: 0.000 degrees (threshold: 4.0)
[cam_communication-2] [DEBUG] [1739375028.515623650] [rcl]: Subscription taking message
[cam_communication-2] [DEBUG] [1739375028.515637311] [rcl]: Subscription take succeeded: true
[cam_communication-2] [DEBUG] [1739375028.515644921] [robot1.cam_communication]: Received odometry update
[cam_communication-2] [DEBUG] [1739375028.515660511] [robot1.cam_communication]: Updated vehicle dynamics - Speed: 0.00 m/s, Acc: -0.03 m/s², Yaw rate: -0.00 rad/s
[cam_communication-1] [DEBUG] [1739375028.517097198] [rcl]: Subscription taking message
[cam_communication-1] [DEBUG] [1739375028.517112509] [rcl]: Subscription take succeeded: true
[cam_communication-1] [DEBUG] [1739375028.517119789] [robot0.cam_communication]: Received odometry update
[cam_communication-1] [DEBUG] [1739375028.517132159] [robot0.cam_communication]: Updated vehicle dynamics - Speed: 0.00 m/s, Acc: -0.00 m/s², Yaw rate: -0.00 rad/s
[cam_communication-2] [DEBUG] [1739375028.526816203] [rcl]: Subscription taking message
[cam_communication-2] [DEBUG] [1739375028.526829203] [rcl]: Subscription take succeeded: true
[cam_communication-2] [DEBUG] [1739375028.526835633] [robot1.cam_communication]: Received odometry update
[cam_communication-2] [DEBUG] [1739375028.526845113] [robot1.cam_communication]: Updated vehicle dynamics - Speed: 0.00 m/s, Acc: 0.23 m/s², Yaw rate: -0.01 rad/s
[cam_communication-1] [DEBUG] [1739375028.527824142] [rcl]: Subscription taking message
[cam_communication-1] [DEBUG] [1739375028.527838902] [rcl]: Subscription take succeeded: true
[cam_communication-1] [DEBUG] [1739375028.527846852] [robot0.cam_communication]: Received odometry update
[cam_communication-1] [DEBUG] [1739375028.527857752] [robot0.cam_communication]: Updated vehicle dynamics - Speed: 0.00 m/s, Acc: -0.00 m/s², Yaw rate: 0.00 rad/s
[cam_communication-2] [DEBUG] [1739375028.537789471] [rcl]: Subscription taking message
[cam_communication-2] [DEBUG] [1739375028.537802191] [rcl]: Subscription take succeeded: true
[cam_communication-2] [DEBUG] [1739375028.537809061] [robot1.cam_communication]: Received odometry update
[cam_communication-2] [DEBUG] [1739375028.537818541] [robot1.cam_communication]: Updated vehicle dynamics - Speed: 0.00 m/s, Acc: -0.22 m/s², Yaw rate: -0.00 rad/s
[cam_communication-1] [DEBUG] [1739375028.538773299] [rcl]: Subscription taking message
[cam_communication-1] [DEBUG] [1739375028.538787560] [rcl]: Subscription take succeeded: true
[cam_communication-1] [DEBUG] [1739375028.538795520] [robot0.cam_communication]: Received odometry update
[cam_communication-1] [DEBUG] [1739375028.538816910] [robot0.cam_communication]: Updated vehicle dynamics - Speed: 0.00 m/s, Acc: -0.00 m/s², Yaw rate: -0.00 rad/s
[cam_communication-2] [DEBUG] [1739375028.548146477] [rcl]: Subscription taking message
[cam_communication-2] [DEBUG] [1739375028.548162848] [rcl]: Subscription take succeeded: true
[cam_communication-2] [DEBUG] [1739375028.548170068] [robot1.cam_communication]: Received odometry update
[cam_communication-2] [DEBUG] [1739375028.548181398] [robot1.cam_communication]: Updated vehicle dynamics - Speed: 0.00 m/s, Acc: 0.04 m/s², Yaw rate: 0.00 rad/s
[cam_communication-1] [DEBUG] [1739375028.548702678] [rcl]: Subscription taking message
[cam_communication-1] [DEBUG] [1739375028.548717978] [rcl]: Subscription take succeeded: true
[cam_communication-1] [DEBUG] [1739375028.548726398] [robot0.cam_communication]: Received odometry update
[cam_communication-1] [DEBUG] [1739375028.548735968] [robot0.cam_communication]: Updated vehicle dynamics - Speed: 0.00 m/s, Acc: -0.00 m/s², Yaw rate: 0.00 rad/s
[cam_communication-2] [DEBUG] [1739375028.558581825] [rcl]: Subscription taking message
[cam_communication-2] [DEBUG] [1739375028.558595425] [rcl]: Subscription take succeeded: true
[cam_communication-2] [DEBUG] [1739375028.558602676] [robot1.cam_communication]: Received odometry update
[cam_communication-2] [DEBUG] [1739375028.558612546] [robot1.cam_communication]: Updated vehicle dynamics - Speed: 0.00 m/s, Acc: -0.03 m/s², Yaw rate: 0.00 rad/s
[cam_communication-1] [DEBUG] [1739375028.559575404] [rcl]: Subscription taking message
[cam_communication-1] [DEBUG] [1739375028.559587904] [rcl]: Subscription take succeeded: true
[cam_communication-1] [DEBUG] [1739375028.559594444] [robot0.cam_communication]: Received odometry update
[cam_communication-1] [DEBUG] [1739375028.559603505] [robot0.cam_communication]: Updated vehicle dynamics - Speed: 0.00 m/s, Acc: -0.00 m/s², Yaw rate: -0.00 rad/s
[cam_communication-2] [DEBUG] [1739375028.569025533] [rcl]: Subscription taking message
[cam_communication-2] [DEBUG] [1739375028.569038433] [rcl]: Subscription take succeeded: true
[cam_communication-2] [DEBUG] [1739375028.569044644] [robot1.cam_communication]: Received odometry update
[cam_communication-2] [DEBUG] [1739375028.569059674] [robot1.cam_communication]: Updated vehicle dynamics - Speed: 0.00 m/s, Acc: 0.36 m/s², Yaw rate: -0.00 rad/s
[cam_communication-1] [DEBUG] [1739375028.570044213] [rcl]: Subscription taking message
[cam_communication-1] [DEBUG] [1739375028.570057723] [rcl]: Subscription take succeeded: true
[cam_communication-1] [DEBUG] [1739375028.570064103] [robot0.cam_communication]: Received odometry update
[cam_communication-1] [DEBUG] [1739375028.570073493] [robot0.cam_communication]: Updated vehicle dynamics - Speed: 0.00 m/s, Acc: -0.00 m/s², Yaw rate: 0.00 rad/s
[cam_communication-2] [DEBUG] [1739375028.579695256] [rcl]: Subscription taking message
[cam_communication-2] [DEBUG] [1739375028.579709526] [rcl]: Subscription take succeeded: true
[cam_communication-2] [DEBUG] [1739375028.579716226] [robot1.cam_communication]: Received odometry update
[cam_communication-2] [DEBUG] [1739375028.579725636] [robot1.cam_communication]: Updated vehicle dynamics - Speed: 0.00 m/s, Acc: -0.35 m/s², Yaw rate: -0.00 rad/s
[cam_communication-1] [DEBUG] [1739375028.580669664] [rcl]: Subscription taking message
[cam_communication-1] [DEBUG] [1739375028.580682604] [rcl]: Subscription take succeeded: true
[cam_communication-1] [DEBUG] [1739375028.580688914] [robot0.cam_communication]: Received odometry update
[cam_communication-1] [DEBUG] [1739375028.580698185] [robot0.cam_communication]: Updated vehicle dynamics - Speed: 0.00 m/s, Acc: -0.00 m/s², Yaw rate: -0.00 rad/s
[cam_communication-2] [DEBUG] [1739375028.590327517] [rcl]: Subscription taking message
[cam_communication-2] [DEBUG] [1739375028.590339827] [rcl]: Subscription take succeeded: true
[cam_communication-2] [DEBUG] [1739375028.590346768] [robot1.cam_communication]: Received odometry update
[cam_communication-2] [DEBUG] [1739375028.590372468] [robot1.cam_communication]: Updated vehicle dynamics - Speed: 0.00 m/s, Acc: 0.20 m/s², Yaw rate: 0.00 rad/s
[cam_communication-1] [DEBUG] [1739375028.591324146] [rcl]: Subscription taking message
[cam_communication-1] [DEBUG] [1739375028.591335676] [rcl]: Subscription take succeeded: true
[cam_communication-1] [DEBUG] [1739375028.591342036] [robot0.cam_communication]: Received odometry update
[cam_communication-1] [DEBUG] [1739375028.591351187] [robot0.cam_communication]: Updated vehicle dynamics - Speed: 0.00 m/s, Acc: -0.00 m/s², Yaw rate: 0.00 rad/s
[cam_communication-2] [DEBUG] [1739375028.600444319] [rcl]: Subscription taking message
[cam_communication-2] [DEBUG] [1739375028.600459049] [rcl]: Subscription take succeeded: true
[cam_communication-2] [DEBUG] [1739375028.600467050] [robot1.cam_communication]: Received odometry update
[cam_communication-2] [DEBUG] [1739375028.600481510] [robot1.cam_communication]: Updated vehicle dynamics - Speed: 0.00 m/s, Acc: -0.18 m/s², Yaw rate: 0.00 rad/s
[cam_communication-1] [DEBUG] [1739375028.601398157] [rcl]: Subscription taking message
[cam_communication-1] [DEBUG] [1739375028.601410887] [rcl]: Subscription take succeeded: true
[cam_communication-1] [DEBUG] [1739375028.601418508] [robot0.cam_communication]: Received odometry update
[cam_communication-1] [DEBUG] [1739375028.601429898] [robot0.cam_communication]: Updated vehicle dynamics - Speed: 0.00 m/s, Acc: -0.00 m/s², Yaw rate: -0.00 rad/s
[cam_communication-1] [DEBUG] [1739375028.606707408] [rcl]: Calling timer
[cam_communication-1] [DEBUG] [1739375028.606717508] [robot0.cam_communication]: Timer callback - Time since last CAM: 0.30 seconds
[cam_communication-1] [DEBUG] [1739375028.606732488] [robot0.cam_communication]: Checking trigger conditions:
[cam_communication-1] [DEBUG] [1739375028.606738158] [robot0.cam_communication]:   Speed diff: 0.000 (threshold: 0.05)
[cam_communication-1] [DEBUG] [1739375028.606743929] [robot0.cam_communication]:   Position diff: 0.000 (threshold: 0.4)
[cam_communication-1] [DEBUG] [1739375028.606749249] [robot0.cam_communication]:   Heading diff: 0.000 degrees (threshold: 4.0)
[cam_communication-2] [DEBUG] [1739375028.610917918] [rcl]: Subscription taking message
[cam_communication-2] [DEBUG] [1739375028.610930798] [rcl]: Subscription take succeeded: true
[cam_communication-2] [DEBUG] [1739375028.610937428] [robot1.cam_communication]: Received odometry update
[cam_communication-2] [DEBUG] [1739375028.610947978] [robot1.cam_communication]: Updated vehicle dynamics - Speed: 0.00 m/s, Acc: 0.21 m/s², Yaw rate: 0.01 rad/s
[cam_communication-1] [DEBUG] [1739375028.612218832] [rcl]: Subscription taking message
[cam_communication-1] [DEBUG] [1739375028.612233743] [rcl]: Subscription take succeeded: true
[cam_communication-1] [DEBUG] [1739375028.612241653] [robot0.cam_communication]: Received odometry update
[cam_communication-1] [DEBUG] [1739375028.612255103] [robot0.cam_communication]: Updated vehicle dynamics - Speed: 0.00 m/s, Acc: -0.00 m/s², Yaw rate: 0.00 rad/s
[cam_communication-2] [DEBUG] [1739375028.613320043] [rcl]: Calling timer
[cam_communication-2] [DEBUG] [1739375028.613328963] [robot1.cam_communication]: Timer callback - Time since last CAM: 0.30 seconds
[cam_communication-2] [DEBUG] [1739375028.613340094] [robot1.cam_communication]: Checking trigger conditions:
[cam_communication-2] [DEBUG] [1739375028.613343434] [robot1.cam_communication]:   Speed diff: 0.001 (threshold: 0.05)
[cam_communication-2] [DEBUG] [1739375028.613351524] [robot1.cam_communication]:   Position diff: 0.000 (threshold: 0.4)
[cam_communication-2] [DEBUG] [1739375028.613354614] [robot1.cam_communication]:   Heading diff: 0.000 degrees (threshold: 4.0)
[cam_communication-2] [DEBUG] [1739375028.621133422] [rcl]: Subscription taking message
[cam_communication-2] [DEBUG] [1739375028.621145042] [rcl]: Subscription take succeeded: true
[cam_communication-2] [DEBUG] [1739375028.621151292] [robot1.cam_communication]: Received odometry update
[cam_communication-2] [DEBUG] [1739375028.621160412] [robot1.cam_communication]: Updated vehicle dynamics - Speed: 0.00 m/s, Acc: 0.02 m/s², Yaw rate: 0.00 rad/s
[cam_communication-1] [DEBUG] [1739375028.622120760] [rcl]: Subscription taking message
[cam_communication-1] [DEBUG] [1739375028.622132540] [rcl]: Subscription take succeeded: true
[cam_communication-1] [DEBUG] [1739375028.622138571] [robot0.cam_communication]: Received odometry update
[cam_communication-1] [DEBUG] [1739375028.622147581] [robot0.cam_communication]: Updated vehicle dynamics - Speed: 0.00 m/s, Acc: -0.00 m/s², Yaw rate: -0.00 rad/s
[cam_communication-2] [DEBUG] [1739375028.631905786] [rcl]: Subscription taking message
[cam_communication-2] [DEBUG] [1739375028.631920526] [rcl]: Subscription take succeeded: true
[cam_communication-2] [DEBUG] [1739375028.631927976] [robot1.cam_communication]: Received odometry update
[cam_communication-2] [DEBUG] [1739375028.631946697] [robot1.cam_communication]: Updated vehicle dynamics - Speed: 0.00 m/s, Acc: -0.02 m/s², Yaw rate: 0.01 rad/s
[cam_communication-1] [DEBUG] [1739375028.632874314] [rcl]: Subscription taking message
[cam_communication-1] [DEBUG] [1739375028.632889154] [rcl]: Subscription take succeeded: true
[cam_communication-1] [DEBUG] [1739375028.632897235] [robot0.cam_communication]: Received odometry update
[cam_communication-1] [DEBUG] [1739375028.632907145] [robot0.cam_communication]: Updated vehicle dynamics - Speed: 0.00 m/s, Acc: -0.00 m/s², Yaw rate: 0.00 rad/s
[cam_communication-2] [DEBUG] [1739375028.641822774] [rcl]: Subscription taking message
[cam_communication-2] [DEBUG] [1739375028.641836494] [rcl]: Subscription take succeeded: true
[cam_communication-2] [DEBUG] [1739375028.641843094] [robot1.cam_communication]: Received odometry update
[cam_communication-2] [DEBUG] [1739375028.641852454] [robot1.cam_communication]: Updated vehicle dynamics - Speed: 0.00 m/s, Acc: -0.09 m/s², Yaw rate: 0.00 rad/s
[cam_communication-1] [DEBUG] [1739375028.643740980] [rcl]: Subscription taking message
[cam_communication-1] [DEBUG] [1739375028.643767171] [rcl]: Subscription take succeeded: true
[cam_communication-1] [DEBUG] [1739375028.643774091] [robot0.cam_communication]: Received odometry update
[cam_communication-1] [DEBUG] [1739375028.643784021] [robot0.cam_communication]: Updated vehicle dynamics - Speed: 0.00 m/s, Acc: -0.00 m/s², Yaw rate: -0.00 rad/s
[cam_communication-2] [DEBUG] [1739375028.652345293] [rcl]: Subscription taking message
[cam_communication-2] [DEBUG] [1739375028.652358884] [rcl]: Subscription take succeeded: true
[cam_communication-2] [DEBUG] [1739375028.652365054] [robot1.cam_communication]: Received odometry update
[cam_communication-2] [DEBUG] [1739375028.652374884] [robot1.cam_communication]: Updated vehicle dynamics - Speed: 0.00 m/s, Acc: -0.13 m/s², Yaw rate: 0.00 rad/s
[cam_communication-1] [DEBUG] [1739375028.653352863] [rcl]: Subscription taking message
[cam_communication-1] [DEBUG] [1739375028.653366953] [rcl]: Subscription take succeeded: true
[cam_communication-1] [DEBUG] [1739375028.653374283] [robot0.cam_communication]: Received odometry update
[cam_communication-1] [DEBUG] [1739375028.653385693] [robot0.cam_communication]: Updated vehicle dynamics - Speed: 0.00 m/s, Acc: -0.00 m/s², Yaw rate: 0.00 rad/s
[cam_communication-2] [DEBUG] [1739375028.662816272] [rcl]: Subscription taking message
[cam_communication-2] [DEBUG] [1739375028.662830242] [rcl]: Subscription take succeeded: true
[cam_communication-2] [DEBUG] [1739375028.662837872] [robot1.cam_communication]: Received odometry update
[cam_communication-2] [DEBUG] [1739375028.662848903] [robot1.cam_communication]: Updated vehicle dynamics - Speed: 0.00 m/s, Acc: -0.07 m/s², Yaw rate: 0.00 rad/s
[cam_communication-1] [DEBUG] [1739375028.663858352] [rcl]: Subscription taking message
[cam_communication-1] [DEBUG] [1739375028.663873612] [rcl]: Subscription take succeeded: true
[cam_communication-1] [DEBUG] [1739375028.663880642] [robot0.cam_communication]: Received odometry update
[cam_communication-1] [DEBUG] [1739375028.663893042] [robot0.cam_communication]: Updated vehicle dynamics - Speed: 0.00 m/s, Acc: -0.00 m/s², Yaw rate: -0.00 rad/s
[cam_communication-2] [DEBUG] [1739375028.672782411] [rcl]: Subscription taking message
[cam_communication-2] [DEBUG] [1739375028.672796751] [rcl]: Subscription take succeeded: true
[cam_communication-2] [DEBUG] [1739375028.672804951] [robot1.cam_communication]: Received odometry update
[cam_communication-2] [DEBUG] [1739375028.672818952] [robot1.cam_communication]: Updated vehicle dynamics - Speed: 0.00 m/s, Acc: 0.17 m/s², Yaw rate: 0.00 rad/s
[cam_communication-1] [DEBUG] [1739375028.673774390] [rcl]: Subscription taking message
[cam_communication-1] [DEBUG] [1739375028.673786280] [rcl]: Subscription take succeeded: true
[cam_communication-1] [DEBUG] [1739375028.673792190] [robot0.cam_communication]: Received odometry update
[cam_communication-1] [DEBUG] [1739375028.673801630] [robot0.cam_communication]: Updated vehicle dynamics - Speed: 0.00 m/s, Acc: -0.00 m/s², Yaw rate: 0.00 rad/s
[cam_communication-2] [DEBUG] [1739375028.683976793] [rcl]: Subscription taking message
[cam_communication-2] [DEBUG] [1739375028.683993044] [rcl]: Subscription take succeeded: true
[cam_communication-2] [DEBUG] [1739375028.684002724] [robot1.cam_communication]: Received odometry update
[cam_communication-2] [DEBUG] [1739375028.684015744] [robot1.cam_communication]: Updated vehicle dynamics - Speed: 0.00 m/s, Acc: 0.07 m/s², Yaw rate: -0.00 rad/s
[cam_communication-1] [DEBUG] [1739375028.684968432] [rcl]: Subscription taking message
[cam_communication-1] [DEBUG] [1739375028.684981422] [rcl]: Subscription take succeeded: true
[cam_communication-1] [DEBUG] [1739375028.684987963] [robot0.cam_communication]: Received odometry update
[cam_communication-1] [DEBUG] [1739375028.684998413] [robot0.cam_communication]: Updated vehicle dynamics - Speed: 0.00 m/s, Acc: -0.00 m/s², Yaw rate: -0.00 rad/s
[cam_communication-2] [DEBUG] [1739375028.693940792] [rcl]: Subscription taking message
[cam_communication-2] [DEBUG] [1739375028.693954063] [rcl]: Subscription take succeeded: true
[cam_communication-2] [DEBUG] [1739375028.693983393] [robot1.cam_communication]: Received odometry update
[cam_communication-2] [DEBUG] [1739375028.693993803] [robot1.cam_communication]: Updated vehicle dynamics - Speed: 0.00 m/s, Acc: -0.22 m/s², Yaw rate: -0.00 rad/s
[cam_communication-1] [DEBUG] [1739375028.694932681] [rcl]: Subscription taking message
[cam_communication-1] [DEBUG] [1739375028.694943951] [rcl]: Subscription take succeeded: true
[cam_communication-1] [DEBUG] [1739375028.694949611] [robot0.cam_communication]: Received odometry update
[cam_communication-1] [DEBUG] [1739375028.694958792] [robot0.cam_communication]: Updated vehicle dynamics - Speed: 0.00 m/s, Acc: -0.00 m/s², Yaw rate: 0.00 rad/s
[cam_communication-2] [DEBUG] [1739375028.704955871] [rcl]: Subscription taking message
[cam_communication-2] [DEBUG] [1739375028.704968602] [rcl]: Subscription take succeeded: true
[cam_communication-2] [DEBUG] [1739375028.704976252] [robot1.cam_communication]: Received odometry update
[cam_communication-2] [DEBUG] [1739375028.704988522] [robot1.cam_communication]: Updated vehicle dynamics - Speed: 0.00 m/s, Acc: 0.20 m/s², Yaw rate: 0.00 rad/s
[cam_communication-1] [DEBUG] [1739375028.705961120] [rcl]: Subscription taking message
[cam_communication-1] [DEBUG] [1739375028.705976821] [rcl]: Subscription take succeeded: true
[cam_communication-1] [DEBUG] [1739375028.705984561] [robot0.cam_communication]: Received odometry update
