[cam_communication-1] [DEBUG] [1739375029.206744448] [robot0.cam_communication]:   Heading diff: 0.000 degrees (threshold: 4.0)
[cam_communication-2] [DEBUG] [1739375029.208459201] [rcl]: Subscription taking message
[cam_communication-2] [DEBUG] [1739375029.208472661] [rcl]: Subscription take succeeded: true
[cam_communication-2] [DEBUG] [1739375029.208480181] [robot1.cam_communication]: Received odometry update
[cam_communication-2] [DEBUG] [1739375029.208490951] [robot1.cam_communication]: Updated vehicle dynamics - Speed: 0.00 m/s, Acc: -0.31 m/s², Yaw rate: 0.00 rad/s
[cam_communication-1] [DEBUG] [1739375029.209446649] [rcl]: Subscription taking message
[cam_communication-1] [DEBUG] [1739375029.209460240] [rcl]: Subscription take succeeded: true
[cam_communication-1] [DEBUG] [1739375029.209466700] [robot0.cam_communication]: Received odometry update
[cam_communication-1] [DEBUG] [1739375029.209475100] [robot0.cam_communication]: Updated vehicle dynamics - Speed: 0.00 m/s, Acc: -0.15 m/s², Yaw rate: -0.01 rad/s
[cam_communication-2] [DEBUG] [1739375029.213320143] [rcl]: Calling timer
[cam_communication-2] [DEBUG] [1739375029.213328153] [robot1.cam_communication]: Timer callback - Time since last CAM: 0.90 seconds
[cam_communication-2] [DEBUG] [1739375029.213339363] [robot1.cam_communication]: Checking trigger conditions:
[cam_communication-2] [DEBUG] [1739375029.213343163] [robot1.cam_communication]:   Speed diff: 0.000 (threshold: 0.05)
[cam_communication-2] [DEBUG] [1739375029.213347243] [robot1.cam_communication]:   Position diff: 0.000 (threshold: 0.4)
[cam_communication-2] [DEBUG] [1739375029.213350733] [robot1.cam_communication]:   Heading diff: 0.000 degrees (threshold: 4.0)
[cam_communication-2] [DEBUG] [1739375029.219342327] [rcl]: Subscription taking message
[cam_communication-2] [DEBUG] [1739375029.219357667] [rcl]: Subscription take succeeded: true
[cam_communication-2] [DEBUG] [1739375029.219365697] [robot1.cam_communication]: Received odometry update
[cam_communication-2] [DEBUG] [1739375029.219381578] [robot1.cam_communication]: Updated vehicle dynamics - Speed: 0.00 m/s, Acc: 0.00 m/s², Yaw rate: 0.00 rad/s
[cam_communication-1] [DEBUG] [1739375029.220202553] [rcl]: Subscription taking message
[cam_communication-1] [DEBUG] [1739375029.220218574] [rcl]: Subscription take succeeded: true
[cam_communication-1] [DEBUG] [1739375029.220227554] [robot0.cam_communication]: Received odometry update
[cam_communication-1] [DEBUG] [1739375029.220240414] [robot0.cam_communication]: Updated vehicle dynamics - Speed: 0.00 m/s, Acc: -0.00 m/s², Yaw rate: 0.00 rad/s
[cam_communication-2] [DEBUG] [1739375029.229148773] [rcl]: Subscription taking message
[cam_communication-2] [DEBUG] [1739375029.229162263] [rcl]: Subscription take succeeded: true
[cam_communication-2] [DEBUG] [1739375029.229169853] [robot1.cam_communication]: Received odometry update
[cam_communication-2] [DEBUG] [1739375029.229182184] [robot1.cam_communication]: Updated vehicle dynamics - Speed: 0.00 m/s, Acc: 0.03 m/s², Yaw rate: -0.00 rad/s
[cam_communication-1] [DEBUG] [1739375029.230182073] [rcl]: Subscription taking message
[cam_communication-1] [DEBUG] [1739375029.230196463] [rcl]: Subscription take succeeded: true
[cam_communication-1] [DEBUG] [1739375029.230203743] [robot0.cam_communication]: Received odometry update
[cam_communication-1] [DEBUG] [1739375029.230213673] [robot0.cam_communication]: Updated vehicle dynamics - Speed: 0.00 m/s, Acc: 0.04 m/s², Yaw rate: -0.00 rad/s
[cam_communication-2] [DEBUG] [1739375029.239898427] [rcl]: Subscription taking message
[cam_communication-2] [DEBUG] [1739375029.239911997] [rcl]: Subscription take succeeded: true
[cam_communication-2] [DEBUG] [1739375029.239919537] [robot1.cam_communication]: Received odometry update
[cam_communication-2] [DEBUG] [1739375029.239932898] [robot1.cam_communication]: Updated vehicle dynamics - Speed: 0.00 m/s, Acc: 0.04 m/s², Yaw rate: -0.01 rad/s
[cam_communication-1] [DEBUG] [1739375029.240919206] [rcl]: Subscription taking message
[cam_communication-1] [DEBUG] [1739375029.240937857] [rcl]: Subscription take succeeded: true
[cam_communication-1] [DEBUG] [1739375029.240946077] [robot0.cam_communication]: Received odometry update
[cam_communication-1] [DEBUG] [1739375029.240960127] [robot0.cam_communication]: Updated vehicle dynamics - Speed: 0.00 m/s, Acc: 0.11 m/s², Yaw rate: 0.00 rad/s
[cam_communication-2] [DEBUG] [1739375029.250234353] [rcl]: Subscription taking message
[cam_communication-2] [DEBUG] [1739375029.250248883] [rcl]: Subscription take succeeded: true
[cam_communication-2] [DEBUG] [1739375029.250256623] [robot1.cam_communication]: Received odometry update
[cam_communication-2] [DEBUG] [1739375029.250269114] [robot1.cam_communication]: Updated vehicle dynamics - Speed: 0.00 m/s, Acc: -0.18 m/s², Yaw rate: 0.00 rad/s
[cam_communication-1] [DEBUG] [1739375029.251226372] [rcl]: Subscription taking message
[cam_communication-1] [DEBUG] [1739375029.251242012] [rcl]: Subscription take succeeded: true
[cam_communication-1] [DEBUG] [1739375029.251249812] [robot0.cam_communication]: Received odometry update
[cam_communication-1] [DEBUG] [1739375029.251289383] [robot0.cam_communication]: Updated vehicle dynamics - Speed: 0.00 m/s, Acc: -0.02 m/s², Yaw rate: -0.00 rad/s
[cam_communication-2] [DEBUG] [1739375029.260205882] [rcl]: Subscription taking message
[cam_communication-2] [DEBUG] [1739375029.260219152] [rcl]: Subscription take succeeded: true
[cam_communication-2] [DEBUG] [1739375029.260226142] [robot1.cam_communication]: Received odometry update
[cam_communication-2] [DEBUG] [1739375029.260236903] [robot1.cam_communication]: Updated vehicle dynamics - Speed: 0.00 m/s, Acc: 0.27 m/s², Yaw rate: 0.00 rad/s
[cam_communication-1] [DEBUG] [1739375029.261197141] [rcl]: Subscription taking message
[cam_communication-1] [DEBUG] [1739375029.261209671] [rcl]: Subscription take succeeded: true
[cam_communication-1] [DEBUG] [1739375029.261216221] [robot0.cam_communication]: Received odometry update
[cam_communication-1] [DEBUG] [1739375029.261237762] [robot0.cam_communication]: Updated vehicle dynamics - Speed: 0.00 m/s, Acc: -0.15 m/s², Yaw rate: 0.00 rad/s
[cam_communication-2] [DEBUG] [1739375029.270699241] [rcl]: Subscription taking message
[cam_communication-2] [DEBUG] [1739375029.270714151] [rcl]: Subscription take succeeded: true
[cam_communication-2] [DEBUG] [1739375029.270722552] [robot1.cam_communication]: Received odometry update
[cam_communication-2] [DEBUG] [1739375029.270735452] [robot1.cam_communication]: Updated vehicle dynamics - Speed: 0.00 m/s, Acc: -0.07 m/s², Yaw rate: -0.00 rad/s
[cam_communication-1] [DEBUG] [1739375029.272349842] [rcl]: Subscription taking message
[cam_communication-1] [DEBUG] [1739375029.272365563] [rcl]: Subscription take succeeded: true
[cam_communication-1] [DEBUG] [1739375029.272373913] [robot0.cam_communication]: Received odometry update
[cam_communication-1] [DEBUG] [1739375029.272384033] [robot0.cam_communication]: Updated vehicle dynamics - Speed: 0.00 m/s, Acc: 0.31 m/s², Yaw rate: 0.00 rad/s
[cam_communication-2] [DEBUG] [1739375029.281264681] [rcl]: Subscription taking message
[cam_communication-2] [DEBUG] [1739375029.281279122] [rcl]: Subscription take succeeded: true
[cam_communication-2] [DEBUG] [1739375029.281286972] [robot1.cam_communication]: Received odometry update
[cam_communication-2] [DEBUG] [1739375029.281300512] [robot1.cam_communication]: Updated vehicle dynamics - Speed: 0.00 m/s, Acc: 0.07 m/s², Yaw rate: -0.00 rad/s
[cam_communication-1] [DEBUG] [1739375029.282259200] [rcl]: Subscription taking message
[cam_communication-1] [DEBUG] [1739375029.282272671] [rcl]: Subscription take succeeded: true
[cam_communication-1] [DEBUG] [1739375029.282279891] [robot0.cam_communication]: Received odometry update
[cam_communication-1] [DEBUG] [1739375029.282290441] [robot0.cam_communication]: Updated vehicle dynamics - Speed: 0.00 m/s, Acc: -0.00 m/s², Yaw rate: -0.00 rad/s
[cam_communication-2] [DEBUG] [1739375029.292872862] [rcl]: Subscription taking message
[cam_communication-2] [DEBUG] [1739375029.292887002] [rcl]: Subscription take succeeded: true
[cam_communication-2] [DEBUG] [1739375029.292894332] [robot1.cam_communication]: Received odometry update
[cam_communication-2] [DEBUG] [1739375029.292905212] [robot1.cam_communication]: Updated vehicle dynamics - Speed: 0.00 m/s, Acc: -0.26 m/s², Yaw rate: 0.00 rad/s
[cam_communication-1] [DEBUG] [1739375029.293850490] [rcl]: Subscription taking message
[cam_communication-1] [DEBUG] [1739375029.293863850] [rcl]: Subscription take succeeded: true
[cam_communication-1] [DEBUG] [1739375029.293870641] [robot0.cam_communication]: Received odometry update
[cam_communication-1] [DEBUG] [1739375029.293880011] [robot0.cam_communication]: Updated vehicle dynamics - Speed: 0.00 m/s, Acc: 0.04 m/s², Yaw rate: 0.01 rad/s
[cam_communication-2] [DEBUG] [1739375029.303546914] [rcl]: Subscription taking message
[cam_communication-2] [DEBUG] [1739375029.303560904] [rcl]: Subscription take succeeded: true
[cam_communication-2] [DEBUG] [1739375029.303568644] [robot1.cam_communication]: Received odometry update
[cam_communication-2] [DEBUG] [1739375029.303608045] [robot1.cam_communication]: Updated vehicle dynamics - Speed: 0.00 m/s, Acc: 0.17 m/s², Yaw rate: -0.00 rad/s
[cam_communication-1] [DEBUG] [1739375029.304527753] [rcl]: Subscription taking message
[cam_communication-1] [DEBUG] [1739375029.304539333] [rcl]: Subscription take succeeded: true
[cam_communication-1] [DEBUG] [1739375029.304545323] [robot0.cam_communication]: Received odometry update
[cam_communication-1] [DEBUG] [1739375029.304554263] [robot0.cam_communication]: Updated vehicle dynamics - Speed: 0.00 m/s, Acc: -0.10 m/s², Yaw rate: -0.00 rad/s
[cam_communication-1] [DEBUG] [1739375029.306704694] [rcl]: Calling timer
[cam_communication-1] [DEBUG] [1739375029.306711884] [robot0.cam_communication]: Timer callback - Time since last CAM: 1.00 seconds
[cam_communication-1] [DEBUG] [1739375029.306721584] [robot0.cam_communication]: Checking trigger conditions:
[cam_communication-1] [DEBUG] [1739375029.306725044] [robot0.cam_communication]:   Speed diff: 0.003 (threshold: 0.05)
[cam_communication-1] [DEBUG] [1739375029.306728444] [robot0.cam_communication]:   Position diff: 0.000 (threshold: 0.4)
[cam_communication-1] [DEBUG] [1739375029.306731594] [robot0.cam_communication]:   Heading diff: 0.000 degrees (threshold: 4.0)
[cam_communication-2] [DEBUG] [1739375029.313323409] [rcl]: Calling timer
[cam_communication-2] [DEBUG] [1739375029.313336460] [robot1.cam_communication]: Timer callback - Time since last CAM: 1.00 seconds
[cam_communication-2] [DEBUG] [1739375029.313354160] [robot1.cam_communication]: Checking trigger conditions:
[cam_communication-2] [DEBUG] [1739375029.313360140] [robot1.cam_communication]:   Speed diff: 0.001 (threshold: 0.05)
[cam_communication-2] [DEBUG] [1739375029.313365940] [robot1.cam_communication]:   Position diff: 0.000 (threshold: 0.4)
[cam_communication-2] [DEBUG] [1739375029.313370580] [robot1.cam_communication]:   Heading diff: 0.000 degrees (threshold: 4.0)
[cam_communication-2] [DEBUG] [1739375029.313474592] [rcl]: Subscription taking message
[cam_communication-2] [DEBUG] [1739375029.313497473] [rcl]: Subscription take succeeded: true
[cam_communication-2] [DEBUG] [1739375029.313516153] [robot1.cam_communication]: Received odometry update
[cam_communication-2] [DEBUG] [1739375029.313527423] [robot1.cam_communication]: Updated vehicle dynamics - Speed: 0.00 m/s, Acc: -0.17 m/s², Yaw rate: 0.00 rad/s
[cam_communication-1] [DEBUG] [1739375029.314478771] [rcl]: Subscription taking message
[cam_communication-1] [DEBUG] [1739375029.314494292] [rcl]: Subscription take succeeded: true
[cam_communication-1] [DEBUG] [1739375029.314502472] [robot0.cam_communication]: Received odometry update
[cam_communication-1] [DEBUG] [1739375029.314514442] [robot0.cam_communication]: Updated vehicle dynamics - Speed: 0.00 m/s, Acc: -0.15 m/s², Yaw rate: -0.00 rad/s
[cam_communication-2] [DEBUG] [1739375029.323963121] [rcl]: Subscription taking message
[cam_communication-2] [DEBUG] [1739375029.323976062] [rcl]: Subscription take succeeded: true
[cam_communication-2] [DEBUG] [1739375029.323984052] [robot1.cam_communication]: Received odometry update
[cam_communication-2] [DEBUG] [1739375029.323996522] [robot1.cam_communication]: Updated vehicle dynamics - Speed: 0.00 m/s, Acc: 0.23 m/s², Yaw rate: 0.00 rad/s
[cam_communication-1] [DEBUG] [1739375029.324960190] [rcl]: Subscription taking message
[cam_communication-1] [DEBUG] [1739375029.324972930] [rcl]: Subscription take succeeded: true
[cam_communication-1] [DEBUG] [1739375029.324979381] [robot0.cam_communication]: Received odometry update
[cam_communication-1] [DEBUG] [1739375029.324988251] [robot0.cam_communication]: Updated vehicle dynamics - Speed: 0.00 m/s, Acc: 0.15 m/s², Yaw rate: 0.01 rad/s
[cam_communication-2] [DEBUG] [1739375029.333888700] [rcl]: Subscription taking message
[cam_communication-2] [DEBUG] [1739375029.333901130] [rcl]: Subscription take succeeded: true
[cam_communication-2] [DEBUG] [1739375029.333907350] [robot1.cam_communication]: Received odometry update
[cam_communication-2] [DEBUG] [1739375029.333917100] [robot1.cam_communication]: Updated vehicle dynamics - Speed: 0.00 m/s, Acc: -0.22 m/s², Yaw rate: 0.00 rad/s
[cam_communication-1] [DEBUG] [1739375029.334889838] [rcl]: Subscription taking message
[cam_communication-1] [DEBUG] [1739375029.334902969] [rcl]: Subscription take succeeded: true
[cam_communication-1] [DEBUG] [1739375029.334909179] [robot0.cam_communication]: Received odometry update
[cam_communication-1] [DEBUG] [1739375029.334917809] [robot0.cam_communication]: Updated vehicle dynamics - Speed: 0.00 m/s, Acc: -0.19 m/s², Yaw rate: 0.00 rad/s
[cam_communication-2] [DEBUG] [1739375029.346020320] [rcl]: Subscription taking message
[cam_communication-2] [DEBUG] [1739375029.346031960] [rcl]: Subscription take succeeded: true
[cam_communication-2] [DEBUG] [1739375029.346038050] [robot1.cam_communication]: Received odometry update
[cam_communication-2] [DEBUG] [1739375029.346048220] [robot1.cam_communication]: Updated vehicle dynamics - Speed: 0.00 m/s, Acc: -0.02 m/s², Yaw rate: 0.00 rad/s
[cam_communication-1] [DEBUG] [1739375029.347008448] [rcl]: Subscription taking message
[cam_communication-1] [DEBUG] [1739375029.347021199] [rcl]: Subscription take succeeded: true
[cam_communication-1] [DEBUG] [1739375029.347028959] [robot0.cam_communication]: Received odometry update
[cam_communication-1] [DEBUG] [1739375029.347039209] [robot0.cam_communication]: Updated vehicle dynamics - Speed: 0.00 m/s, Acc: 0.07 m/s², Yaw rate: -0.00 rad/s
[cam_communication-2] [DEBUG] [1739375029.355974368] [rcl]: Subscription taking message
[cam_communication-2] [DEBUG] [1739375029.355990639] [rcl]: Subscription take succeeded: true
[cam_communication-2] [DEBUG] [1739375029.356035420] [robot1.cam_communication]: Received odometry update
[cam_communication-2] [DEBUG] [1739375029.356051330] [robot1.cam_communication]: Updated vehicle dynamics - Speed: 0.00 m/s, Acc: 0.04 m/s², Yaw rate: -0.00 rad/s
[cam_communication-1] [DEBUG] [1739375029.357363535] [rcl]: Subscription taking message
[cam_communication-1] [DEBUG] [1739375029.357376715] [rcl]: Subscription take succeeded: true
[cam_communication-1] [DEBUG] [1739375029.357401045] [robot0.cam_communication]: Received odometry update
[cam_communication-1] [DEBUG] [1739375029.357412166] [robot0.cam_communication]: Updated vehicle dynamics - Speed: 0.00 m/s, Acc: 0.24 m/s², Yaw rate: 0.00 rad/s
[cam_communication-2] [DEBUG] [1739375029.366322515] [rcl]: Subscription taking message
[cam_communication-2] [DEBUG] [1739375029.366333855] [rcl]: Subscription take succeeded: true
[cam_communication-2] [DEBUG] [1739375029.366339985] [robot1.cam_communication]: Received odometry update
[cam_communication-2] [DEBUG] [1739375029.366349215] [robot1.cam_communication]: Updated vehicle dynamics - Speed: 0.00 m/s, Acc: 0.16 m/s², Yaw rate: -0.01 rad/s
[cam_communication-1] [DEBUG] [1739375029.367322914] [rcl]: Subscription taking message
[cam_communication-1] [DEBUG] [1739375029.367336714] [rcl]: Subscription take succeeded: true
[cam_communication-1] [DEBUG] [1739375029.367344274] [robot0.cam_communication]: Received odometry update
[cam_communication-1] [DEBUG] [1739375029.367354564] [robot0.cam_communication]: Updated vehicle dynamics - Speed: 0.00 m/s, Acc: -0.24 m/s², Yaw rate: -0.01 rad/s
[cam_communication-2] [DEBUG] [1739375029.377380784] [rcl]: Subscription taking message
[cam_communication-2] [DEBUG] [1739375029.377397245] [rcl]: Subscription take succeeded: true
[cam_communication-2] [DEBUG] [1739375029.377405915] [robot1.cam_communication]: Received odometry update
[cam_communication-2] [DEBUG] [1739375029.377419145] [robot1.cam_communication]: Updated vehicle dynamics - Speed: 0.00 m/s, Acc: -0.21 m/s², Yaw rate: -0.00 rad/s
[cam_communication-1] [DEBUG] [1739375029.378364103] [rcl]: Subscription taking message
[cam_communication-1] [DEBUG] [1739375029.378377223] [rcl]: Subscription take succeeded: true
[cam_communication-1] [DEBUG] [1739375029.378384853] [robot0.cam_communication]: Received odometry update
[cam_communication-1] [DEBUG] [1739375029.378395464] [robot0.cam_communication]: Updated vehicle dynamics - Speed: 0.00 m/s, Acc: 0.01 m/s², Yaw rate: -0.00 rad/s
[cam_communication-2] [DEBUG] [1739375029.387860963] [rcl]: Subscription taking message
[cam_communication-2] [DEBUG] [1739375029.387872713] [rcl]: Subscription take succeeded: true
[cam_communication-2] [DEBUG] [1739375029.387878893] [robot1.cam_communication]: Received odometry update
[cam_communication-2] [DEBUG] [1739375029.387888164] [robot1.cam_communication]: Updated vehicle dynamics - Speed: 0.00 m/s, Acc: 0.06 m/s², Yaw rate: -0.00 rad/s
[cam_communication-1] [DEBUG] [1739375029.388844382] [rcl]: Subscription taking message
[cam_communication-1] [DEBUG] [1739375029.388856072] [rcl]: Subscription take succeeded: true
[cam_communication-1] [DEBUG] [1739375029.388862332] [robot0.cam_communication]: Received odometry update
[cam_communication-1] [DEBUG] [1739375029.388871402] [robot0.cam_communication]: Updated vehicle dynamics - Speed: 0.00 m/s, Acc: -0.09 m/s², Yaw rate: 0.00 rad/s
[cam_communication-2] [DEBUG] [1739375029.398240960] [rcl]: Subscription taking message
[cam_communication-2] [DEBUG] [1739375029.398253190] [rcl]: Subscription take succeeded: true
[cam_communication-2] [DEBUG] [1739375029.398260860] [robot1.cam_communication]: Received odometry update
[cam_communication-2] [DEBUG] [1739375029.398272921] [robot1.cam_communication]: Updated vehicle dynamics - Speed: 0.00 m/s, Acc: -0.04 m/s², Yaw rate: 0.00 rad/s
[cam_communication-1] [DEBUG] [1739375029.399628896] [rcl]: Subscription taking message
[cam_communication-1] [DEBUG] [1739375029.399650267] [rcl]: Subscription take succeeded: true
[cam_communication-1] [DEBUG] [1739375029.399658007] [robot0.cam_communication]: Received odometry update
[cam_communication-1] [DEBUG] [1739375029.399669097] [robot0.cam_communication]: Updated vehicle dynamics - Speed: 0.00 m/s, Acc: 0.35 m/s², Yaw rate: -0.00 rad/s
[cam_communication-1] [DEBUG] [1739375029.406707981] [rcl]: Calling timer
[cam_communication-1] [DEBUG] [1739375029.406718381] [robot0.cam_communication]: Timer callback - Time since last CAM: 1.10 seconds
[cam_communication-1] [INFO] [1739375029.406729411] [robot0.cam_communication]: Publishing CAM due to timeout (>1s since last message)
[cam_communication-1] [INFO] [1739375029.406734551] [robot0.cam_communication]: Publishing CAM message (trigger: timeout)
[cam_communication-1] [DEBUG] [1739375029.406738271] [robot0.cam_communication]: Vehicle state:
[cam_communication-1] [DEBUG] [1739375029.406741511] [robot0.cam_communication]:   Position: (0.000000, 0.000000, 0.00)
[cam_communication-1] [DEBUG] [1739375029.406745261] [robot0.cam_communication]:   Speed: 0.00 m/s
[cam_communication-1] [DEBUG] [1739375029.406759872] [robot0.cam_communication]:   Heading: 0.00 deg
[cam_communication-1] [DEBUG] [1739375029.406762972] [robot0.cam_communication]:   Acceleration: 0.35 m/s²
[cam_communication-1] [DEBUG] [1739375029.406766022] [robot0.cam_communication]:   Yaw rate: -0.00 rad/s
[cam_communication-1] [DEBUG] [1739375029.406769032] [robot0.cam_communication]:   Curvature: -0.4219
[cam_communication-1] [DEBUG] [1739375029.406772032] [robot0.cam_communication]:   Drive direction: 1
[cam_communication-1] [INFO] [1739375029.406830983] [robot0.cam_communication]: CAM message published successfully
[cam_communication-1] [DEBUG] [1739375029.406862414] [rcl]: Subscription taking message
[cam_communication-1] [DEBUG] [1739375029.406871064] [rcl]: Subscription take succeeded: true
[cam_communication-1] [INFO] [1739375029.406885234] [robot0.cam_communication]: Received CAM message from Robot2 (my index=0, following Robot-1)
[cam_communication-2] [DEBUG] [1739375029.406877424] [rcl]: Subscription taking message
[cam_communication-2] [DEBUG] [1739375029.406893084] [rcl]: Subscription take succeeded: true
[cam_communication-2] [INFO] [1739375029.406917305] [robot1.cam_communication]: Received CAM message from Robot2 (my index=1, following Robot0)
[cam_communication-2] [DEBUG] [1739375029.408505185] [rcl]: Subscription taking message
[cam_communication-2] [DEBUG] [1739375029.408515305] [rcl]: Subscription take succeeded: true
[cam_communication-2] [DEBUG] [1739375029.408520845] [robot1.cam_communication]: Received odometry update
[cam_communication-2] [DEBUG] [1739375029.408529425] [robot1.cam_communication]: Updated vehicle dynamics - Speed: 0.00 m/s, Acc: 0.04 m/s², Yaw rate: 0.00 rad/s
[cam_communication-1] [DEBUG] [1739375029.409845740] [rcl]: Subscription taking message
[cam_communication-1] [DEBUG] [1739375029.409861290] [rcl]: Subscription take succeeded: true
[cam_communication-1] [DEBUG] [1739375029.409868911] [robot0.cam_communication]: Received odometry update
[cam_communication-1] [DEBUG] [1739375029.409883331] [robot0.cam_communication]: Updated vehicle dynamics - Speed: 0.00 m/s, Acc: 0.08 m/s², Yaw rate: -0.01 rad/s
[cam_communication-2] [DEBUG] [1739375029.413319726] [rcl]: Calling timer
[cam_communication-2] [DEBUG] [1739375029.413328066] [robot1.cam_communication]: Timer callback - Time since last CAM: 1.10 seconds
[cam_communication-2] [INFO] [1739375029.413338216] [robot1.cam_communication]: Publishing CAM due to timeout (>1s since last message)
[cam_communication-2] [INFO] [1739375029.413343266] [robot1.cam_communication]: Publishing CAM message (trigger: timeout)
[cam_communication-2] [DEBUG] [1739375029.413346946] [robot1.cam_communication]: Vehicle state:
[cam_communication-2] [DEBUG] [1739375029.413350017] [robot1.cam_communication]:   Position: (0.000000, 0.000000, 0.00)
[cam_communication-2] [DEBUG] [1739375029.413353757] [robot1.cam_communication]:   Speed: 0.00 m/s
[cam_communication-2] [DEBUG] [1739375029.413357847] [robot1.cam_communication]:   Heading: 0.00 deg
[cam_communication-2] [DEBUG] [1739375029.413360907] [robot1.cam_communication]:   Acceleration: 0.04 m/s²
[cam_communication-2] [DEBUG] [1739375029.413364207] [robot1.cam_communication]:   Yaw rate: 0.00 rad/s
[cam_communication-2] [DEBUG] [1739375029.413367347] [robot1.cam_communication]:   Curvature: 3.1543
[cam_communication-2] [DEBUG] [1739375029.413370377] [robot1.cam_communication]:   Drive direction: 1
[cam_communication-2] [INFO] [1739375029.413416388] [robot1.cam_communication]: CAM message published successfully
[cam_communication-2] [DEBUG] [1739375029.413439158] [rcl]: Subscription taking message
[cam_communication-2] [DEBUG] [1739375029.413447638] [rcl]: Subscription take succeeded: true
[cam_communication-2] [INFO] [1739375029.413455889] [robot1.cam_communication]: Received CAM message from Robot2 (my index=1, following Robot0)
[cam_communication-1] [DEBUG] [1739375029.413444758] [rcl]: Subscription taking message
[cam_communication-1] [DEBUG] [1739375029.413457019] [rcl]: Subscription take succeeded: true
[cam_communication-1] [INFO] [1739375029.413464849] [robot0.cam_communication]: Received CAM message from Robot2 (my index=0, following Robot-1)
[cam_communication-2] [DEBUG] [1739375029.419692807] [rcl]: Subscription taking message
[cam_communication-2] [DEBUG] [1739375029.419706127] [rcl]: Subscription take succeeded: true
[cam_communication-2] [DEBUG] [1739375029.419712647] [robot1.cam_communication]: Received odometry update
[cam_communication-2] [DEBUG] [1739375029.419721987] [robot1.cam_communication]: Updated vehicle dynamics - Speed: 0.00 m/s, Acc: -0.00 m/s², Yaw rate: -0.00 rad/s
[cam_communication-1] [DEBUG] [1739375029.420485882] [rcl]: Subscription taking message
[cam_communication-1] [DEBUG] [1739375029.420497832] [rcl]: Subscription take succeeded: true
[cam_communication-1] [DEBUG] [1739375029.420503952] [robot0.cam_communication]: Received odometry update
[cam_communication-1] [DEBUG] [1739375029.420512822] [robot0.cam_communication]: Updated vehicle dynamics - Speed: 0.00 m/s, Acc: -0.32 m/s², Yaw rate: -0.01 rad/s
[cam_communication-2] [DEBUG] [1739375029.430517482] [rcl]: Subscription taking message
[cam_communication-2] [DEBUG] [1739375029.430530812] [rcl]: Subscription take succeeded: true
[cam_communication-2] [DEBUG] [1739375029.430538173] [robot1.cam_communication]: Received odometry update
[cam_communication-2] [DEBUG] [1739375029.430549803] [robot1.cam_communication]: Updated vehicle dynamics - Speed: 0.00 m/s, Acc: -0.06 m/s², Yaw rate: -0.00 rad/s
[cam_communication-1] [DEBUG] [1739375029.431830897] [rcl]: Subscription taking message
[cam_communication-1] [DEBUG] [1739375029.431845717] [rcl]: Subscription take succeeded: true
[cam_communication-1] [DEBUG] [1739375029.431853317] [robot0.cam_communication]: Received odometry update
[cam_communication-1] [DEBUG] [1739375029.431864108] [robot0.cam_communication]: Updated vehicle dynamics - Speed: 0.00 m/s, Acc: -0.17 m/s², Yaw rate: -0.01 rad/s
[cam_communication-2] [DEBUG] [1739375029.440418460] [rcl]: Subscription taking message
[cam_communication-2] [DEBUG] [1739375029.440433330] [rcl]: Subscription take succeeded: true
[cam_communication-2] [DEBUG] [1739375029.440441790] [robot1.cam_communication]: Received odometry update
[cam_communication-2] [DEBUG] [1739375029.440456301] [robot1.cam_communication]: Updated vehicle dynamics - Speed: 0.00 m/s, Acc: 0.03 m/s², Yaw rate: 0.01 rad/s
[cam_communication-1] [DEBUG] [1739375029.441454200] [rcl]: Subscription taking message
[cam_communication-1] [DEBUG] [1739375029.441467510] [rcl]: Subscription take succeeded: true
[cam_communication-1] [DEBUG] [1739375029.441474540] [robot0.cam_communication]: Received odometry update
[cam_communication-1] [DEBUG] [1739375029.441489730] [robot0.cam_communication]: Updated vehicle dynamics - Speed: 0.00 m/s, Acc: 0.08 m/s², Yaw rate: 0.00 rad/s
[cam_communication-2] [DEBUG] [1739375029.452100241] [rcl]: Subscription taking message
[cam_communication-2] [DEBUG] [1739375029.452113492] [rcl]: Subscription take succeeded: true
[cam_communication-2] [DEBUG] [1739375029.452120552] [robot1.cam_communication]: Received odometry update
[cam_communication-2] [DEBUG] [1739375029.452131022] [robot1.cam_communication]: Updated vehicle dynamics - Speed: 0.00 m/s, Acc: 0.06 m/s², Yaw rate: -0.00 rad/s
[cam_communication-1] [DEBUG] [1739375029.453097130] [rcl]: Subscription taking message
[cam_communication-1] [DEBUG] [1739375029.453109221] [rcl]: Subscription take succeeded: true
[cam_communication-1] [DEBUG] [1739375029.453115191] [robot0.cam_communication]: Received odometry update
[cam_communication-1] [DEBUG] [1739375029.453123491] [robot0.cam_communication]: Updated vehicle dynamics - Speed: 0.00 m/s, Acc: -0.06 m/s², Yaw rate: -0.00 rad/s
[cam_communication-2] [DEBUG] [1739375029.462008309] [rcl]: Subscription taking message
[cam_communication-2] [DEBUG] [1739375029.462020780] [rcl]: Subscription take succeeded: true
[cam_communication-2] [DEBUG] [1739375029.462026740] [robot1.cam_communication]: Received odometry update
[cam_communication-2] [DEBUG] [1739375029.462035820] [robot1.cam_communication]: Updated vehicle dynamics - Speed: 0.00 m/s, Acc: 0.02 m/s², Yaw rate: 0.00 rad/s
[cam_communication-1] [DEBUG] [1739375029.464378074] [rcl]: Subscription taking message
[cam_communication-1] [DEBUG] [1739375029.464396505] [rcl]: Subscription take succeeded: true
[cam_communication-1] [DEBUG] [1739375029.464403265] [robot0.cam_communication]: Received odometry update
[cam_communication-1] [DEBUG] [1739375029.464414205] [robot0.cam_communication]: Updated vehicle dynamics - Speed: 0.00 m/s, Acc: 0.22 m/s², Yaw rate: -0.01 rad/s
[cam_communication-2] [DEBUG] [1739375029.474149770] [rcl]: Subscription taking message
[cam_communication-2] [DEBUG] [1739375029.474163560] [rcl]: Subscription take succeeded: true
[cam_communication-2] [DEBUG] [1739375029.474169730] [robot1.cam_communication]: Received odometry update
[cam_communication-2] [DEBUG] [1739375029.474179990] [robot1.cam_communication]: Updated vehicle dynamics - Speed: 0.00 m/s, Acc: 0.12 m/s², Yaw rate: -0.00 rad/s
[cam_communication-1] [DEBUG] [1739375029.475164439] [rcl]: Subscription taking message
[cam_communication-1] [DEBUG] [1739375029.475176839] [rcl]: Subscription take succeeded: true
[cam_communication-1] [DEBUG] [1739375029.475182799] [robot0.cam_communication]: Received odometry update
[cam_communication-1] [DEBUG] [1739375029.475191659] [robot0.cam_communication]: Updated vehicle dynamics - Speed: 0.00 m/s, Acc: -0.21 m/s², Yaw rate: 0.00 rad/s
[cam_communication-2] [DEBUG] [1739375029.484179070] [rcl]: Subscription taking message
[cam_communication-2] [DEBUG] [1739375029.484206700] [rcl]: Subscription take succeeded: true
[cam_communication-2] [DEBUG] [1739375029.484215771] [robot1.cam_communication]: Received odometry update
[cam_communication-2] [DEBUG] [1739375029.484229921] [robot1.cam_communication]: Updated vehicle dynamics - Speed: 0.00 m/s, Acc: -0.15 m/s², Yaw rate: 0.01 rad/s
[cam_communication-1] [DEBUG] [1739375029.485183059] [rcl]: Subscription taking message
[cam_communication-1] [DEBUG] [1739375029.485198369] [rcl]: Subscription take succeeded: true
[cam_communication-1] [DEBUG] [1739375029.485207049] [robot0.cam_communication]: Received odometry update
[cam_communication-1] [DEBUG] [1739375029.485218680] [robot0.cam_communication]: Updated vehicle dynamics - Speed: 0.00 m/s, Acc: -0.01 m/s², Yaw rate: -0.00 rad/s
[cam_communication-2] [DEBUG] [1739375029.494899613] [rcl]: Subscription taking message
[cam_communication-2] [DEBUG] [1739375029.494911213] [rcl]: Subscription take succeeded: true
[cam_communication-2] [DEBUG] [1739375029.494917134] [robot1.cam_communication]: Received odometry update
[cam_communication-2] [DEBUG] [1739375029.494929034] [robot1.cam_communication]: Updated vehicle dynamics - Speed: 0.00 m/s, Acc: -0.04 m/s², Yaw rate: 0.00 rad/s
[cam_communication-1] [DEBUG] [1739375029.495933103] [rcl]: Subscription taking message
[cam_communication-1] [DEBUG] [1739375029.495960993] [rcl]: Subscription take succeeded: true
[cam_communication-1] [DEBUG] [1739375029.495983334] [robot0.cam_communication]: Received odometry update
[cam_communication-1] [DEBUG] [1739375029.496008674] [robot0.cam_communication]: Updated vehicle dynamics - Speed: 0.00 m/s, Acc: 0.21 m/s², Yaw rate: -0.01 rad/s
[cam_communication-2] [DEBUG] [1739375029.504836842] [rcl]: Subscription taking message
[cam_communication-2] [DEBUG] [1739375029.504853702] [rcl]: Subscription take succeeded: true
[cam_communication-2] [DEBUG] [1739375029.504861932] [robot1.cam_communication]: Received odometry update
[cam_communication-2] [DEBUG] [1739375029.504874462] [robot1.cam_communication]: Updated vehicle dynamics - Speed: 0.00 m/s, Acc: 0.01 m/s², Yaw rate: -0.00 rad/s
[cam_communication-1] [DEBUG] [1739375029.505855171] [rcl]: Subscription taking message
[cam_communication-1] [DEBUG] [1739375029.505884672] [rcl]: Subscription take succeeded: true
[cam_communication-1] [DEBUG] [1739375029.505902952] [robot0.cam_communication]: Received odometry update
[cam_communication-1] [DEBUG] [1739375029.505927292] [robot0.cam_communication]: Updated vehicle dynamics - Speed: 0.00 m/s, Acc: -0.03 m/s², Yaw rate: -0.00 rad/s
[cam_communication-1] [DEBUG] [1739375029.506708317] [rcl]: Calling timer
[cam_communication-1] [DEBUG] [1739375029.506720397] [robot0.cam_communication]: Timer callback - Time since last CAM: 0.10 seconds
[cam_communication-1] [DEBUG] [1739375029.506743678] [robot0.cam_communication]: Checking trigger conditions:
[cam_communication-1] [DEBUG] [1739375029.506747588] [robot0.cam_communication]:   Speed diff: 0.002 (threshold: 0.05)
[cam_communication-1] [DEBUG] [1739375029.506751298] [robot0.cam_communication]:   Position diff: 0.000 (threshold: 0.4)
[cam_communication-1] [DEBUG] [1739375029.506765758] [robot0.cam_communication]:   Heading diff: 0.000 degrees (threshold: 4.0)
[cam_communication-2] [DEBUG] [1739375029.513323483] [rcl]: Calling timer
[cam_communication-2] [DEBUG] [1739375029.513334433] [robot1.cam_communication]: Timer callback - Time since last CAM: 0.10 seconds
[cam_communication-2] [DEBUG] [1739375029.513348563] [robot1.cam_communication]: Checking trigger conditions:
[cam_communication-2] [DEBUG] [1739375029.513353183] [robot1.cam_communication]:   Speed diff: 0.000 (threshold: 0.05)
[cam_communication-2] [DEBUG] [1739375029.513358363] [robot1.cam_communication]:   Position diff: 0.000 (threshold: 0.4)
[cam_communication-2] [DEBUG] [1739375029.513362983] [robot1.cam_communication]:   Heading diff: 0.000 degrees (threshold: 4.0)
[cam_communication-2] [DEBUG] [1739375029.515037295] [rcl]: Subscription taking message
[cam_communication-2] [DEBUG] [1739375029.515046445] [rcl]: Subscription take succeeded: true
[cam_communication-2] [DEBUG] [1739375029.515051955] [robot1.cam_communication]: Received odometry update
[cam_communication-2] [DEBUG] [1739375029.515058996] [robot1.cam_communication]: Updated vehicle dynamics - Speed: 0.00 m/s, Acc: 0.15 m/s², Yaw rate: 0.00 rad/s
[cam_communication-1] [DEBUG] [1739375029.516049544] [rcl]: Subscription taking message
[cam_communication-1] [DEBUG] [1739375029.516092185] [rcl]: Subscription take succeeded: true
[cam_communication-1] [DEBUG] [1739375029.516118136] [robot0.cam_communication]: Received odometry update
[cam_communication-1] [DEBUG] [1739375029.516171437] [robot0.cam_communication]: Updated vehicle dynamics - Speed: 0.00 m/s, Acc: -0.12 m/s², Yaw rate: -0.00 rad/s
[cam_communication-2] [DEBUG] [1739375029.526226827] [rcl]: Subscription taking message
[cam_communication-2] [DEBUG] [1739375029.526237888] [rcl]: Subscription take succeeded: true
[cam_communication-2] [DEBUG] [1739375029.526243798] [robot1.cam_communication]: Received odometry update
[cam_communication-2] [DEBUG] [1739375029.526253218] [robot1.cam_communication]: Updated vehicle dynamics - Speed: 0.00 m/s, Acc: -0.20 m/s², Yaw rate: 0.00 rad/s
[cam_communication-1] [DEBUG] [1739375029.527235416] [rcl]: Subscription taking message
[cam_communication-1] [DEBUG] [1739375029.527258747] [rcl]: Subscription take succeeded: true
[cam_communication-1] [DEBUG] [1739375029.527271117] [robot0.cam_communication]: Received odometry update
[cam_communication-1] [DEBUG] [1739375029.527288828] [robot0.cam_communication]: Updated vehicle dynamics - Speed: 0.00 m/s, Acc: -0.01 m/s², Yaw rate: 0.00 rad/s
[cam_communication-2] [DEBUG] [1739375029.536726356] [rcl]: Subscription taking message
[cam_communication-2] [DEBUG] [1739375029.536740707] [rcl]: Subscription take succeeded: true
[cam_communication-2] [DEBUG] [1739375029.536748327] [robot1.cam_communication]: Received odometry update
[cam_communication-2] [DEBUG] [1739375029.536759547] [robot1.cam_communication]: Updated vehicle dynamics - Speed: 0.00 m/s, Acc: 0.25 m/s², Yaw rate: 0.00 rad/s
[cam_communication-1] [DEBUG] [1739375029.538401138] [rcl]: Subscription taking message
[cam_communication-1] [DEBUG] [1739375029.538437519] [rcl]: Subscription take succeeded: true
[cam_communication-1] [DEBUG] [1739375029.538455939] [robot0.cam_communication]: Received odometry update
[cam_communication-1] [DEBUG] [1739375029.538477850] [robot0.cam_communication]: Updated vehicle dynamics - Speed: 0.00 m/s, Acc: -0.00 m/s², Yaw rate: -0.00 rad/s
[cam_communication-2] [DEBUG] [1739375029.547829017] [rcl]: Subscription taking message
[cam_communication-2] [DEBUG] [1739375029.547842607] [rcl]: Subscription take succeeded: true
[cam_communication-2] [DEBUG] [1739375029.547849857] [robot1.cam_communication]: Received odometry update
[cam_communication-2] [DEBUG] [1739375029.547862168] [robot1.cam_communication]: Updated vehicle dynamics - Speed: 0.00 m/s, Acc: -0.27 m/s², Yaw rate: 0.00 rad/s
[cam_communication-1] [DEBUG] [1739375029.548851776] [rcl]: Subscription taking message
[cam_communication-1] [DEBUG] [1739375029.548878857] [rcl]: Subscription take succeeded: true
[cam_communication-1] [DEBUG] [1739375029.548894817] [robot0.cam_communication]: Received odometry update
[cam_communication-1] [DEBUG] [1739375029.548916038] [robot0.cam_communication]: Updated vehicle dynamics - Speed: 0.00 m/s, Acc: 0.17 m/s², Yaw rate: 0.00 rad/s
[cam_communication-2] [DEBUG] [1739375029.558054031] [rcl]: Subscription taking message
[cam_communication-2] [DEBUG] [1739375029.558066801] [rcl]: Subscription take succeeded: true
[cam_communication-2] [DEBUG] [1739375029.558073351] [robot1.cam_communication]: Received odometry update
[cam_communication-2] [DEBUG] [1739375029.558082992] [robot1.cam_communication]: Updated vehicle dynamics - Speed: 0.00 m/s, Acc: 0.06 m/s², Yaw rate: 0.00 rad/s
[cam_communication-1] [DEBUG] [1739375029.559059260] [rcl]: Subscription taking message
[cam_communication-1] [DEBUG] [1739375029.559077340] [rcl]: Subscription take succeeded: true
[cam_communication-1] [DEBUG] [1739375029.559089191] [robot0.cam_communication]: Received odometry update
[cam_communication-1] [DEBUG] [1739375029.559106121] [robot0.cam_communication]: Updated vehicle dynamics - Speed: 0.01 m/s, Acc: 0.26 m/s², Yaw rate: 0.00 rad/s
[cam_communication-2] [DEBUG] [1739375029.568512569] [rcl]: Subscription taking message
[cam_communication-2] [DEBUG] [1739375029.568524270] [rcl]: Subscription take succeeded: true
[cam_communication-2] [DEBUG] [1739375029.568530470] [robot1.cam_communication]: Received odometry update
[cam_communication-2] [DEBUG] [1739375029.568540140] [robot1.cam_communication]: Updated vehicle dynamics - Speed: 0.00 m/s, Acc: 0.01 m/s², Yaw rate: -0.00 rad/s
[cam_communication-1] [DEBUG] [1739375029.569526859] [rcl]: Subscription taking message
[cam_communication-1] [DEBUG] [1739375029.569550429] [rcl]: Subscription take succeeded: true
[cam_communication-1] [DEBUG] [1739375029.569565189] [robot0.cam_communication]: Received odometry update
[cam_communication-1] [DEBUG] [1739375029.569584670] [robot0.cam_communication]: Updated vehicle dynamics - Speed: 0.00 m/s, Acc: -0.45 m/s², Yaw rate: 0.00 rad/s
[cam_communication-2] [DEBUG] [1739375029.579396596] [rcl]: Subscription taking message
[cam_communication-2] [DEBUG] [1739375029.579408506] [rcl]: Subscription take succeeded: true
[cam_communication-2] [DEBUG] [1739375029.579414866] [robot1.cam_communication]: Received odometry update
[cam_communication-2] [DEBUG] [1739375029.579426476] [robot1.cam_communication]: Updated vehicle dynamics - Speed: 0.00 m/s, Acc: 0.20 m/s², Yaw rate: 0.00 rad/s
[cam_communication-1] [DEBUG] [1739375029.580408295] [rcl]: Subscription taking message
[cam_communication-1] [DEBUG] [1739375029.580434275] [rcl]: Subscription take succeeded: true
[cam_communication-1] [DEBUG] [1739375029.580453026] [robot0.cam_communication]: Received odometry update
[cam_communication-1] [DEBUG] [1739375029.580475436] [robot0.cam_communication]: Updated vehicle dynamics - Speed: 0.00 m/s, Acc: 0.10 m/s², Yaw rate: -0.00 rad/s
[cam_communication-2] [DEBUG] [1739375029.589249153] [rcl]: Subscription taking message
[cam_communication-2] [DEBUG] [1739375029.589264373] [rcl]: Subscription take succeeded: true
[cam_communication-2] [DEBUG] [1739375029.589273033] [robot1.cam_communication]: Received odometry update
[cam_communication-2] [DEBUG] [1739375029.589286683] [robot1.cam_communication]: Updated vehicle dynamics - Speed: 0.00 m/s, Acc: -0.19 m/s², Yaw rate: 0.00 rad/s
[cam_communication-1] [DEBUG] [1739375029.590448745] [rcl]: Subscription taking message
[cam_communication-1] [DEBUG] [1739375029.590471766] [rcl]: Subscription take succeeded: true
[cam_communication-1] [DEBUG] [1739375029.590485306] [robot0.cam_communication]: Received odometry update
[cam_communication-1] [DEBUG] [1739375029.590504146] [robot0.cam_communication]: Updated vehicle dynamics - Speed: 0.00 m/s, Acc: -0.03 m/s², Yaw rate: -0.00 rad/s
[cam_communication-2] [DEBUG] [1739375029.600409334] [rcl]: Subscription taking message
[cam_communication-2] [DEBUG] [1739375029.600425645] [rcl]: Subscription take succeeded: true
[cam_communication-2] [DEBUG] [1739375029.600435495] [robot1.cam_communication]: Received odometry update
[cam_communication-2] [DEBUG] [1739375029.600450955] [robot1.cam_communication]: Updated vehicle dynamics - Speed: 0.00 m/s, Acc: -0.03 m/s², Yaw rate: -0.00 rad/s
[cam_communication-1] [DEBUG] [1739375029.601425504] [rcl]: Subscription taking message
[cam_communication-1] [DEBUG] [1739375029.601449904] [rcl]: Subscription take succeeded: true
[cam_communication-1] [DEBUG] [1739375029.601464384] [robot0.cam_communication]: Received odometry update
[cam_communication-1] [DEBUG] [1739375029.601486965] [robot0.cam_communication]: Updated vehicle dynamics - Speed: 0.00 m/s, Acc: 0.06 m/s², Yaw rate: -0.00 rad/s
[cam_communication-1] [DEBUG] [1739375029.606709294] [rcl]: Calling timer
[cam_communication-1] [DEBUG] [1739375029.606725484] [robot0.cam_communication]: Timer callback - Time since last CAM: 0.20 seconds
[cam_communication-1] [DEBUG] [1739375029.606746264] [robot0.cam_communication]: Checking trigger conditions:
[cam_communication-1] [DEBUG] [1739375029.606749905] [robot0.cam_communication]:   Speed diff: 0.002 (threshold: 0.05)
[cam_communication-1] [DEBUG] [1739375029.606753435] [robot0.cam_communication]:   Position diff: 0.000 (threshold: 0.4)
[cam_communication-1] [DEBUG] [1739375029.606756695] [robot0.cam_communication]:   Heading diff: 0.000 degrees (threshold: 4.0)
[cam_communication-2] [DEBUG] [1739375029.611502015] [rcl]: Subscription taking message
[cam_communication-2] [DEBUG] [1739375029.611515415] [rcl]: Subscription take succeeded: true
[cam_communication-2] [DEBUG] [1739375029.611521575] [robot1.cam_communication]: Received odometry update
[cam_communication-2] [DEBUG] [1739375029.611532005] [robot1.cam_communication]: Updated vehicle dynamics - Speed: 0.00 m/s, Acc: -0.03 m/s², Yaw rate: 0.00 rad/s
[cam_communication-1] [DEBUG] [1739375029.612524614] [rcl]: Subscription taking message
[cam_communication-1] [DEBUG] [1739375029.612547795] [rcl]: Subscription take succeeded: true
[cam_communication-1] [DEBUG] [1739375029.612567085] [robot0.cam_communication]: Received odometry update
[cam_communication-1] [DEBUG] [1739375029.612590295] [robot0.cam_communication]: Updated vehicle dynamics - Speed: 0.00 m/s, Acc: 0.19 m/s², Yaw rate: -0.00 rad/s
[cam_communication-2] [DEBUG] [1739375029.613324629] [rcl]: Calling timer
[cam_communication-2] [DEBUG] [1739375029.613333769] [robot1.cam_communication]: Timer callback - Time since last CAM: 0.20 seconds
[cam_communication-2] [DEBUG] [1739375029.613346220] [robot1.cam_communication]: Checking trigger conditions:
[cam_communication-2] [DEBUG] [1739375029.613349870] [robot1.cam_communication]:   Speed diff: 0.001 (threshold: 0.05)
[cam_communication-2] [DEBUG] [1739375029.613353650] [robot1.cam_communication]:   Position diff: 0.000 (threshold: 0.4)
[cam_communication-2] [DEBUG] [1739375029.613357470] [robot1.cam_communication]:   Heading diff: 0.000 degrees (threshold: 4.0)
[WARNING] [launch]: user interrupted with ctrl-c (SIGINT)
[cam_communication-2] [INFO] [1739375029.613765838] [rclcpp]: signal_handler(signum=2)
[cam_communication-2] [DEBUG] [1739375029.613776188] [rclcpp]: signal_handler(): notifying deferred signal handler
[cam_communication-1] [INFO] [1739375029.613767988] [rclcpp]: signal_handler(signum=2)
[cam_communication-1] [DEBUG] [1739375029.613781308] [rclcpp]: signal_handler(): notifying deferred signal handler
[cam_communication-1] [DEBUG] [1739375029.613794288] [rclcpp]: deferred_signal_handler(): woken up due to SIGINT/SIGTERM or uninstall
[cam_communication-1] [DEBUG] [1739375029.613802538] [rclcpp]: deferred_signal_handler(): shutting down
[cam_communication-1] [DEBUG] [1739375029.613854789] [rclcpp]: deferred_signal_handler(): shutting down rclcpp::Context @ 0x610b0a33fc10, because it had shutdown_on_signal == true
[cam_communication-1] [DEBUG] [1739375029.613860009] [rcl]: Shutting down ROS client library, for context at address: 0x610b0a2aafa0
[cam_communication-1] [DEBUG] [1739375029.613888310] [rcl]: Finalizing publisher
[cam_communication-2] [DEBUG] [1739375029.613796258] [rclcpp]: deferred_signal_handler(): woken up due to SIGINT/SIGTERM or uninstall
[cam_communication-2] [DEBUG] [1739375029.613811488] [rclcpp]: deferred_signal_handler(): shutting down
[cam_communication-2] [DEBUG] [1739375029.613859629] [rclcpp]: deferred_signal_handler(): shutting down rclcpp::Context @ 0x5abc328afc10, because it had shutdown_on_signal == true
[cam_communication-2] [DEBUG] [1739375029.613864079] [rcl]: Shutting down ROS client library, for context at address: 0x5abc3281afa0
[cam_communication-2] [DEBUG] [1739375029.613886640] [rcl]: Finalizing publisher
[cam_communication-1] [DEBUG] [1739375029.614717326] [rcl]: Publisher finalized
[cam_communication-1] [DEBUG] [1739375029.614749436] [rclcpp]: deferred_signal_handler(): waiting for SIGINT/SIGTERM or uninstall
[cam_communication-1] [DEBUG] [1739375029.614755486] [rclcpp]: SignalHandler::uninstall(): notifying deferred signal handler
[cam_communication-1] [DEBUG] [1739375029.614764267] [rclcpp]: deferred_signal_handler(): woken up due to SIGINT/SIGTERM or uninstall
[cam_communication-1] [DEBUG] [1739375029.614766137] [rclcpp]: deferred_signal_handler(): signal handling uninstalled
[cam_communication-1] [DEBUG] [1739375029.614798747] [rclcpp]: signal handler uninstalled
[cam_communication-2] [DEBUG] [1739375029.614718626] [rcl]: Publisher finalized
[cam_communication-2] [DEBUG] [1739375029.614751676] [rclcpp]: deferred_signal_handler(): waiting for SIGINT/SIGTERM or uninstall
[cam_communication-2] [DEBUG] [1739375029.614759296] [rclcpp]: SignalHandler::uninstall(): notifying deferred signal handler
[cam_communication-2] [DEBUG] [1739375029.614768767] [rclcpp]: deferred_signal_handler(): woken up due to SIGINT/SIGTERM or uninstall
[cam_communication-2] [DEBUG] [1739375029.614770747] [rclcpp]: deferred_signal_handler(): signal handling uninstalled
[cam_communication-2] [DEBUG] [1739375029.614801167] [rclcpp]: signal handler uninstalled
[cam_communication-2] [DEBUG] [1739375029.614904889] [rcl]: Finalizing event
[cam_communication-2] [DEBUG] [1739375029.614909059] [rcl]: Event finalized
[cam_communication-2] [DEBUG] [1739375029.614912709] [rcl]: Finalizing subscription
[cam_communication-1] [DEBUG] [1739375029.614904439] [rcl]: Finalizing event
[cam_communication-1] [DEBUG] [1739375029.614908689] [rcl]: Event finalized
[cam_communication-1] [DEBUG] [1739375029.614911829] [rcl]: Finalizing subscription
[cam_communication-2] [DEBUG] [1739375029.615608863] [rcl]: Subscription finalized
[cam_communication-1] [DEBUG] [1739375029.615608783] [rcl]: Subscription finalized
[cam_communication-2] [DEBUG] [1739375029.615682944] [rcl]: Finalizing event
[cam_communication-2] [DEBUG] [1739375029.615685384] [rcl]: Event finalized
[cam_communication-2] [DEBUG] [1739375029.615686994] [rcl]: Finalizing subscription
[cam_communication-1] [DEBUG] [1739375029.615686114] [rcl]: Finalizing event
[cam_communication-1] [DEBUG] [1739375029.615689044] [rcl]: Event finalized
[cam_communication-1] [DEBUG] [1739375029.615691114] [rcl]: Finalizing subscription
[cam_communication-2] [DEBUG] [1739375029.616193304] [rcl]: Subscription finalized
[cam_communication-2] [DEBUG] [1739375029.616202994] [rcl]: Timer canceled
[cam_communication-2] [DEBUG] [1739375029.616207764] [rcl]: Timer canceled
[cam_communication-2] [DEBUG] [1739375029.616248945] [rcl]: Finalizing event
[cam_communication-2] [DEBUG] [1739375029.616250595] [rcl]: Event finalized
[cam_communication-2] [DEBUG] [1739375029.616253325] [rcl]: Finalizing publisher
[cam_communication-1] [DEBUG] [1739375029.616262575] [rcl]: Subscription finalized
[cam_communication-1] [DEBUG] [1739375029.616271405] [rcl]: Timer canceled
[cam_communication-1] [DEBUG] [1739375029.616275775] [rcl]: Timer canceled
[cam_communication-1] [DEBUG] [1739375029.616319576] [rcl]: Finalizing event
[cam_communication-1] [DEBUG] [1739375029.616321946] [rcl]: Event finalized
[cam_communication-1] [DEBUG] [1739375029.616324726] [rcl]: Finalizing publisher
[cam_communication-1] [DEBUG] [1739375029.616755924] [rcl]: Publisher finalized
[cam_communication-2] [DEBUG] [1739375029.616760184] [rcl]: Publisher finalized
[cam_communication-2] [DEBUG] [1739375029.616779125] [rcl]: Finalizing event
[cam_communication-2] [DEBUG] [1739375029.616781475] [rcl]: Event finalized
[cam_communication-2] [DEBUG] [1739375029.616784205] [rcl]: Finalizing publisher
[cam_communication-1] [DEBUG] [1739375029.616780935] [rcl]: Finalizing event
[cam_communication-1] [DEBUG] [1739375029.616782925] [rcl]: Event finalized
[cam_communication-1] [DEBUG] [1739375029.616784515] [rcl]: Finalizing publisher
