[cam_communication-2] [DEBUG] [1739375026.745990058] [robot1.cam_communication]: Updated vehicle dynamics - Speed: 0.00 m/s, Acc: -0.09 m/s², Yaw rate: -0.00 rad/s
[cam_communication-1] [DEBUG] [1739375026.746942496] [rcl]: Subscription taking message
[cam_communication-1] [DEBUG] [1739375026.746956266] [rcl]: Subscription take succeeded: true
[cam_communication-1] [DEBUG] [1739375026.746963646] [robot0.cam_communication]: Received odometry update
[cam_communication-1] [DEBUG] [1739375026.746974397] [robot0.cam_communication]: Updated vehicle dynamics - Speed: 0.00 m/s, Acc: -0.00 m/s², Yaw rate: 0.00 rad/s
[cam_communication-2] [DEBUG] [1739375026.755886646] [rcl]: Subscription taking message
[cam_communication-2] [DEBUG] [1739375026.755906666] [rcl]: Subscription take succeeded: true
[cam_communication-2] [DEBUG] [1739375026.755916106] [robot1.cam_communication]: Received odometry update
[cam_communication-2] [DEBUG] [1739375026.755930826] [robot1.cam_communication]: Updated vehicle dynamics - Speed: 0.00 m/s, Acc: -0.04 m/s², Yaw rate: -0.00 rad/s
[cam_communication-1] [DEBUG] [1739375026.756851444] [rcl]: Subscription taking message
[cam_communication-1] [DEBUG] [1739375026.756882114] [rcl]: Subscription take succeeded: true
[cam_communication-1] [DEBUG] [1739375026.756889655] [robot0.cam_communication]: Received odometry update
[cam_communication-1] [DEBUG] [1739375026.756900425] [robot0.cam_communication]: Updated vehicle dynamics - Speed: 0.00 m/s, Acc: -0.00 m/s², Yaw rate: -0.00 rad/s
[cam_communication-2] [DEBUG] [1739375026.766885044] [rcl]: Subscription taking message
[cam_communication-2] [DEBUG] [1739375026.766900824] [rcl]: Subscription take succeeded: true
[cam_communication-2] [DEBUG] [1739375026.766908825] [robot1.cam_communication]: Received odometry update
[cam_communication-2] [DEBUG] [1739375026.766921555] [robot1.cam_communication]: Updated vehicle dynamics - Speed: 0.00 m/s, Acc: 0.04 m/s², Yaw rate: -0.01 rad/s
[cam_communication-1] [DEBUG] [1739375026.767878783] [rcl]: Subscription taking message
[cam_communication-1] [DEBUG] [1739375026.767892033] [rcl]: Subscription take succeeded: true
[cam_communication-1] [DEBUG] [1739375026.767899963] [robot0.cam_communication]: Received odometry update
[cam_communication-1] [DEBUG] [1739375026.767917634] [robot0.cam_communication]: Updated vehicle dynamics - Speed: 0.00 m/s, Acc: -0.00 m/s², Yaw rate: 0.00 rad/s
[cam_communication-2] [DEBUG] [1739375026.776813512] [rcl]: Subscription taking message
[cam_communication-2] [DEBUG] [1739375026.776831143] [rcl]: Subscription take succeeded: true
[cam_communication-2] [DEBUG] [1739375026.776839543] [robot1.cam_communication]: Received odometry update
[cam_communication-2] [DEBUG] [1739375026.776850723] [robot1.cam_communication]: Updated vehicle dynamics - Speed: 0.00 m/s, Acc: 0.25 m/s², Yaw rate: 0.00 rad/s
[cam_communication-1] [DEBUG] [1739375026.777821342] [rcl]: Subscription taking message
[cam_communication-1] [DEBUG] [1739375026.777836852] [rcl]: Subscription take succeeded: true
[cam_communication-1] [DEBUG] [1739375026.777844162] [robot0.cam_communication]: Received odometry update
[cam_communication-1] [DEBUG] [1739375026.777854902] [robot0.cam_communication]: Updated vehicle dynamics - Speed: 0.00 m/s, Acc: -0.00 m/s², Yaw rate: -0.00 rad/s
[cam_communication-2] [DEBUG] [1739375026.787256020] [rcl]: Subscription taking message
[cam_communication-2] [DEBUG] [1739375026.787272021] [rcl]: Subscription take succeeded: true
[cam_communication-2] [DEBUG] [1739375026.787280421] [robot1.cam_communication]: Received odometry update
[cam_communication-2] [DEBUG] [1739375026.787293341] [robot1.cam_communication]: Updated vehicle dynamics - Speed: 0.00 m/s, Acc: -0.12 m/s², Yaw rate: -0.00 rad/s
[cam_communication-1] [DEBUG] [1739375026.788181408] [rcl]: Subscription taking message
[cam_communication-1] [DEBUG] [1739375026.788197248] [rcl]: Subscription take succeeded: true
[cam_communication-1] [DEBUG] [1739375026.788206669] [robot0.cam_communication]: Received odometry update
[cam_communication-1] [DEBUG] [1739375026.788219619] [robot0.cam_communication]: Updated vehicle dynamics - Speed: 0.00 m/s, Acc: -0.00 m/s², Yaw rate: 0.00 rad/s
[cam_communication-2] [DEBUG] [1739375026.797858262] [rcl]: Subscription taking message
[cam_communication-2] [DEBUG] [1739375026.797873222] [rcl]: Subscription take succeeded: true
[cam_communication-2] [DEBUG] [1739375026.797881302] [robot1.cam_communication]: Received odometry update
[cam_communication-2] [DEBUG] [1739375026.797892992] [robot1.cam_communication]: Updated vehicle dynamics - Speed: 0.00 m/s, Acc: -0.14 m/s², Yaw rate: 0.00 rad/s
[cam_communication-1] [DEBUG] [1739375026.798860781] [rcl]: Subscription taking message
[cam_communication-1] [DEBUG] [1739375026.798873541] [rcl]: Subscription take succeeded: true
[cam_communication-1] [DEBUG] [1739375026.798881291] [robot0.cam_communication]: Received odometry update
[cam_communication-1] [DEBUG] [1739375026.798900951] [robot0.cam_communication]: Updated vehicle dynamics - Speed: 0.00 m/s, Acc: -0.00 m/s², Yaw rate: -0.00 rad/s
[cam_communication-1] [DEBUG] [1739375026.806712419] [rcl]: Calling timer
[cam_communication-1] [DEBUG] [1739375026.806728030] [robot0.cam_communication]: Timer callback - Time since last CAM: 0.70 seconds
[cam_communication-1] [DEBUG] [1739375026.806744160] [robot0.cam_communication]: Checking trigger conditions:
[cam_communication-1] [DEBUG] [1739375026.806748450] [robot0.cam_communication]:   Speed diff: 0.002 (threshold: 0.05)
[cam_communication-1] [DEBUG] [1739375026.806769791] [robot0.cam_communication]:   Position diff: 0.000 (threshold: 0.4)
[cam_communication-1] [DEBUG] [1739375026.806774711] [robot0.cam_communication]:   Heading diff: 0.000 degrees (threshold: 4.0)
[cam_communication-2] [DEBUG] [1739375026.808035825] [rcl]: Subscription taking message
[cam_communication-2] [DEBUG] [1739375026.808059635] [rcl]: Subscription take succeeded: true
[cam_communication-2] [DEBUG] [1739375026.808090446] [robot1.cam_communication]: Received odometry update
[cam_communication-2] [DEBUG] [1739375026.808101306] [robot1.cam_communication]: Updated vehicle dynamics - Speed: 0.00 m/s, Acc: -0.01 m/s², Yaw rate: 0.00 rad/s
[cam_communication-1] [DEBUG] [1739375026.808849690] [rcl]: Subscription taking message
[cam_communication-1] [DEBUG] [1739375026.808864290] [rcl]: Subscription take succeeded: true
[cam_communication-1] [DEBUG] [1739375026.808872280] [robot0.cam_communication]: Received odometry update
[cam_communication-1] [DEBUG] [1739375026.808881571] [robot0.cam_communication]: Updated vehicle dynamics - Speed: 0.00 m/s, Acc: -0.00 m/s², Yaw rate: 0.00 rad/s
[cam_communication-2] [DEBUG] [1739375026.813320815] [rcl]: Calling timer
[cam_communication-2] [DEBUG] [1739375026.813329965] [robot1.cam_communication]: Timer callback - Time since last CAM: 0.70 seconds
[cam_communication-2] [DEBUG] [1739375026.813342075] [robot1.cam_communication]: Checking trigger conditions:
[cam_communication-2] [DEBUG] [1739375026.813345895] [robot1.cam_communication]:   Speed diff: 0.000 (threshold: 0.05)
[cam_communication-2] [DEBUG] [1739375026.813362336] [robot1.cam_communication]:   Position diff: 0.000 (threshold: 0.4)
[cam_communication-2] [DEBUG] [1739375026.813365876] [robot1.cam_communication]:   Heading diff: 0.000 degrees (threshold: 4.0)
[cam_communication-2] [DEBUG] [1739375026.819229597] [rcl]: Subscription taking message
[cam_communication-2] [DEBUG] [1739375026.819247047] [rcl]: Subscription take succeeded: true
[cam_communication-2] [DEBUG] [1739375026.819255337] [robot1.cam_communication]: Received odometry update
[cam_communication-2] [DEBUG] [1739375026.819268858] [robot1.cam_communication]: Updated vehicle dynamics - Speed: 0.00 m/s, Acc: 0.15 m/s², Yaw rate: -0.00 rad/s
[cam_communication-1] [DEBUG] [1739375026.820194195] [rcl]: Subscription taking message
[cam_communication-1] [DEBUG] [1739375026.820207205] [rcl]: Subscription take succeeded: true
[cam_communication-1] [DEBUG] [1739375026.820214186] [robot0.cam_communication]: Received odometry update
[cam_communication-1] [DEBUG] [1739375026.820224256] [robot0.cam_communication]: Updated vehicle dynamics - Speed: 0.00 m/s, Acc: -0.00 m/s², Yaw rate: -0.00 rad/s
[cam_communication-2] [DEBUG] [1739375026.829294688] [rcl]: Subscription taking message
[cam_communication-2] [DEBUG] [1739375026.829310048] [rcl]: Subscription take succeeded: true
[cam_communication-2] [DEBUG] [1739375026.829318038] [robot1.cam_communication]: Received odometry update
[cam_communication-2] [DEBUG] [1739375026.829330168] [robot1.cam_communication]: Updated vehicle dynamics - Speed: 0.00 m/s, Acc: -0.09 m/s², Yaw rate: 0.00 rad/s
[cam_communication-1] [DEBUG] [1739375026.830282017] [rcl]: Subscription taking message
[cam_communication-1] [DEBUG] [1739375026.830295527] [rcl]: Subscription take succeeded: true
[cam_communication-1] [DEBUG] [1739375026.830302207] [robot0.cam_communication]: Received odometry update
[cam_communication-1] [DEBUG] [1739375026.830311907] [robot0.cam_communication]: Updated vehicle dynamics - Speed: 0.00 m/s, Acc: -0.00 m/s², Yaw rate: 0.00 rad/s
[cam_communication-2] [DEBUG] [1739375026.839720086] [rcl]: Subscription taking message
[cam_communication-2] [DEBUG] [1739375026.839734516] [rcl]: Subscription take succeeded: true
[cam_communication-2] [DEBUG] [1739375026.839755926] [robot1.cam_communication]: Received odometry update
[cam_communication-2] [DEBUG] [1739375026.839767896] [robot1.cam_communication]: Updated vehicle dynamics - Speed: 0.00 m/s, Acc: -0.05 m/s², Yaw rate: 0.01 rad/s
[cam_communication-1] [DEBUG] [1739375026.840706794] [rcl]: Subscription taking message
[cam_communication-1] [DEBUG] [1739375026.840720504] [rcl]: Subscription take succeeded: true
[cam_communication-1] [DEBUG] [1739375026.840728245] [robot0.cam_communication]: Received odometry update
[cam_communication-1] [DEBUG] [1739375026.840741305] [robot0.cam_communication]: Updated vehicle dynamics - Speed: 0.00 m/s, Acc: -0.00 m/s², Yaw rate: -0.00 rad/s
[cam_communication-2] [DEBUG] [1739375026.849883318] [rcl]: Subscription taking message
[cam_communication-2] [DEBUG] [1739375026.849898009] [rcl]: Subscription take succeeded: true
[cam_communication-2] [DEBUG] [1739375026.849905099] [robot1.cam_communication]: Received odometry update
[cam_communication-2] [DEBUG] [1739375026.849915909] [robot1.cam_communication]: Updated vehicle dynamics - Speed: 0.00 m/s, Acc: 0.25 m/s², Yaw rate: 0.00 rad/s
[cam_communication-1] [DEBUG] [1739375026.851885546] [rcl]: Subscription taking message
[cam_communication-1] [DEBUG] [1739375026.851917047] [rcl]: Subscription take succeeded: true
[cam_communication-1] [DEBUG] [1739375026.851931727] [robot0.cam_communication]: Received odometry update
[cam_communication-1] [DEBUG] [1739375026.851957138] [robot0.cam_communication]: Updated vehicle dynamics - Speed: 0.00 m/s, Acc: -0.00 m/s², Yaw rate: 0.00 rad/s
[cam_communication-2] [DEBUG] [1739375026.860956738] [rcl]: Subscription taking message
[cam_communication-2] [DEBUG] [1739375026.860972819] [rcl]: Subscription take succeeded: true
[cam_communication-2] [DEBUG] [1739375026.860980519] [robot1.cam_communication]: Received odometry update
[cam_communication-2] [DEBUG] [1739375026.860991839] [robot1.cam_communication]: Updated vehicle dynamics - Speed: 0.00 m/s, Acc: -0.08 m/s², Yaw rate: -0.00 rad/s
[cam_communication-1] [DEBUG] [1739375026.861958107] [rcl]: Subscription taking message
[cam_communication-1] [DEBUG] [1739375026.861978308] [rcl]: Subscription take succeeded: true
[cam_communication-1] [DEBUG] [1739375026.861989008] [robot0.cam_communication]: Received odometry update
[cam_communication-1] [DEBUG] [1739375026.862004538] [robot0.cam_communication]: Updated vehicle dynamics - Speed: 0.00 m/s, Acc: -0.00 m/s², Yaw rate: -0.00 rad/s
[cam_communication-2] [DEBUG] [1739375026.871420897] [rcl]: Subscription taking message
[cam_communication-2] [DEBUG] [1739375026.871435387] [rcl]: Subscription take succeeded: true
[cam_communication-2] [DEBUG] [1739375026.871442867] [robot1.cam_communication]: Received odometry update
[cam_communication-2] [DEBUG] [1739375026.871455177] [robot1.cam_communication]: Updated vehicle dynamics - Speed: 0.00 m/s, Acc: -0.17 m/s², Yaw rate: 0.00 rad/s
[cam_communication-1] [DEBUG] [1739375026.872429596] [rcl]: Subscription taking message
[cam_communication-1] [DEBUG] [1739375026.872448236] [rcl]: Subscription take succeeded: true
[cam_communication-1] [DEBUG] [1739375026.872458846] [robot0.cam_communication]: Received odometry update
[cam_communication-1] [DEBUG] [1739375026.872473097] [robot0.cam_communication]: Updated vehicle dynamics - Speed: 0.00 m/s, Acc: -0.00 m/s², Yaw rate: 0.00 rad/s
[cam_communication-2] [DEBUG] [1739375026.881378736] [rcl]: Subscription taking message
[cam_communication-2] [DEBUG] [1739375026.881395476] [rcl]: Subscription take succeeded: true
[cam_communication-2] [DEBUG] [1739375026.881403756] [robot1.cam_communication]: Received odometry update
[cam_communication-2] [DEBUG] [1739375026.881417996] [robot1.cam_communication]: Updated vehicle dynamics - Speed: 0.00 m/s, Acc: -0.02 m/s², Yaw rate: -0.01 rad/s
[cam_communication-1] [DEBUG] [1739375026.882349554] [rcl]: Subscription taking message
[cam_communication-1] [DEBUG] [1739375026.882367844] [rcl]: Subscription take succeeded: true
[cam_communication-1] [DEBUG] [1739375026.882377625] [robot0.cam_communication]: Received odometry update
[cam_communication-1] [DEBUG] [1739375026.882392155] [robot0.cam_communication]: Updated vehicle dynamics - Speed: 0.00 m/s, Acc: -0.00 m/s², Yaw rate: -0.00 rad/s
[cam_communication-2] [DEBUG] [1739375026.892434345] [rcl]: Subscription taking message
[cam_communication-2] [DEBUG] [1739375026.892450146] [rcl]: Subscription take succeeded: true
[cam_communication-2] [DEBUG] [1739375026.892457416] [robot1.cam_communication]: Received odometry update
[cam_communication-2] [DEBUG] [1739375026.892467446] [robot1.cam_communication]: Updated vehicle dynamics - Speed: 0.00 m/s, Acc: 0.19 m/s², Yaw rate: -0.01 rad/s
[cam_communication-1] [DEBUG] [1739375026.893420834] [rcl]: Subscription taking message
[cam_communication-1] [DEBUG] [1739375026.893438004] [rcl]: Subscription take succeeded: true
[cam_communication-1] [DEBUG] [1739375026.893445934] [robot0.cam_communication]: Received odometry update
[cam_communication-1] [DEBUG] [1739375026.893458355] [robot0.cam_communication]: Updated vehicle dynamics - Speed: 0.00 m/s, Acc: 0.00 m/s², Yaw rate: 0.00 rad/s
[cam_communication-2] [DEBUG] [1739375026.902357273] [rcl]: Subscription taking message
[cam_communication-2] [DEBUG] [1739375026.902372364] [rcl]: Subscription take succeeded: true
[cam_communication-2] [DEBUG] [1739375026.902378624] [robot1.cam_communication]: Received odometry update
[cam_communication-2] [DEBUG] [1739375026.902387474] [robot1.cam_communication]: Updated vehicle dynamics - Speed: 0.00 m/s, Acc: -0.00 m/s², Yaw rate: 0.00 rad/s
[cam_communication-1] [DEBUG] [1739375026.903376633] [rcl]: Subscription taking message
[cam_communication-1] [DEBUG] [1739375026.903392263] [rcl]: Subscription take succeeded: true
[cam_communication-1] [DEBUG] [1739375026.903400473] [robot0.cam_communication]: Received odometry update
[cam_communication-1] [DEBUG] [1739375026.903412573] [robot0.cam_communication]: Updated vehicle dynamics - Speed: 0.00 m/s, Acc: -0.00 m/s², Yaw rate: -0.00 rad/s
[cam_communication-1] [DEBUG] [1739375026.906706406] [rcl]: Calling timer
[cam_communication-1] [DEBUG] [1739375026.906714656] [robot0.cam_communication]: Timer callback - Time since last CAM: 0.80 seconds
[cam_communication-1] [DEBUG] [1739375026.906725796] [robot0.cam_communication]: Checking trigger conditions:
[cam_communication-1] [DEBUG] [1739375026.906728956] [robot0.cam_communication]:   Speed diff: 0.002 (threshold: 0.05)
[cam_communication-1] [DEBUG] [1739375026.906732636] [robot0.cam_communication]:   Position diff: 0.000 (threshold: 0.4)
[cam_communication-1] [DEBUG] [1739375026.906735767] [robot0.cam_communication]:   Heading diff: 0.000 degrees (threshold: 4.0)
[cam_communication-2] [DEBUG] [1739375026.913142068] [rcl]: Subscription taking message
[cam_communication-2] [DEBUG] [1739375026.913156878] [rcl]: Subscription take succeeded: true
[cam_communication-2] [DEBUG] [1739375026.913164208] [robot1.cam_communication]: Received odometry update
[cam_communication-2] [DEBUG] [1739375026.913173829] [robot1.cam_communication]: Updated vehicle dynamics - Speed: 0.00 m/s, Acc: 0.05 m/s², Yaw rate: 0.00 rad/s
[cam_communication-2] [DEBUG] [1739375026.913317471] [rcl]: Calling timer
[cam_communication-2] [DEBUG] [1739375026.913321921] [robot1.cam_communication]: Timer callback - Time since last CAM: 0.80 seconds
[cam_communication-2] [DEBUG] [1739375026.913328142] [robot1.cam_communication]: Checking trigger conditions:
[cam_communication-2] [DEBUG] [1739375026.913331132] [robot1.cam_communication]:   Speed diff: 0.002 (threshold: 0.05)
[cam_communication-2] [DEBUG] [1739375026.913334742] [robot1.cam_communication]:   Position diff: 0.000 (threshold: 0.4)
[cam_communication-2] [DEBUG] [1739375026.913337832] [robot1.cam_communication]:   Heading diff: 0.000 degrees (threshold: 4.0)
[cam_communication-1] [DEBUG] [1739375026.914135487] [rcl]: Subscription taking message
[cam_communication-1] [DEBUG] [1739375026.914152717] [rcl]: Subscription take succeeded: true
[cam_communication-1] [DEBUG] [1739375026.914161057] [robot0.cam_communication]: Received odometry update
[cam_communication-1] [DEBUG] [1739375026.914173648] [robot0.cam_communication]: Updated vehicle dynamics - Speed: 0.00 m/s, Acc: 0.00 m/s², Yaw rate: 0.00 rad/s
[cam_communication-2] [DEBUG] [1739375026.924930602] [rcl]: Subscription taking message
[cam_communication-2] [DEBUG] [1739375026.924943452] [rcl]: Subscription take succeeded: true
[cam_communication-2] [DEBUG] [1739375026.924950392] [robot1.cam_communication]: Received odometry update
[cam_communication-2] [DEBUG] [1739375026.924972462] [robot1.cam_communication]: Updated vehicle dynamics - Speed: 0.00 m/s, Acc: -0.07 m/s², Yaw rate: 0.00 rad/s
[cam_communication-1] [DEBUG] [1739375026.925920870] [rcl]: Subscription taking message
[cam_communication-1] [DEBUG] [1739375026.925935171] [rcl]: Subscription take succeeded: true
[cam_communication-1] [DEBUG] [1739375026.925943821] [robot0.cam_communication]: Received odometry update
[cam_communication-1] [DEBUG] [1739375026.925956681] [robot0.cam_communication]: Updated vehicle dynamics - Speed: 0.00 m/s, Acc: -0.00 m/s², Yaw rate: -0.00 rad/s
[cam_communication-2] [DEBUG] [1739375026.934774248] [rcl]: Subscription taking message
[cam_communication-2] [DEBUG] [1739375026.934786889] [rcl]: Subscription take succeeded: true
[cam_communication-2] [DEBUG] [1739375026.934792959] [robot1.cam_communication]: Received odometry update
[cam_communication-2] [DEBUG] [1739375026.934801789] [robot1.cam_communication]: Updated vehicle dynamics - Speed: 0.00 m/s, Acc: -0.15 m/s², Yaw rate: -0.00 rad/s
[cam_communication-1] [DEBUG] [1739375026.935782587] [rcl]: Subscription taking message
[cam_communication-1] [DEBUG] [1739375026.935799178] [rcl]: Subscription take succeeded: true
[cam_communication-1] [DEBUG] [1739375026.935807158] [robot0.cam_communication]: Received odometry update
[cam_communication-1] [DEBUG] [1739375026.935819218] [robot0.cam_communication]: Updated vehicle dynamics - Speed: 0.00 m/s, Acc: 0.00 m/s², Yaw rate: 0.00 rad/s
[cam_communication-2] [DEBUG] [1739375026.945462551] [rcl]: Subscription taking message
[cam_communication-2] [DEBUG] [1739375026.945475631] [rcl]: Subscription take succeeded: true
[cam_communication-2] [DEBUG] [1739375026.945482081] [robot1.cam_communication]: Received odometry update
[cam_communication-2] [DEBUG] [1739375026.945491152] [robot1.cam_communication]: Updated vehicle dynamics - Speed: 0.00 m/s, Acc: 0.04 m/s², Yaw rate: -0.00 rad/s
[cam_communication-1] [DEBUG] [1739375026.946449410] [rcl]: Subscription taking message
[cam_communication-1] [DEBUG] [1739375026.946463770] [rcl]: Subscription take succeeded: true
[cam_communication-1] [DEBUG] [1739375026.946471400] [robot0.cam_communication]: Received odometry update
[cam_communication-1] [DEBUG] [1739375026.946480780] [robot0.cam_communication]: Updated vehicle dynamics - Speed: 0.00 m/s, Acc: -0.00 m/s², Yaw rate: -0.00 rad/s
[cam_communication-2] [DEBUG] [1739375026.955344118] [rcl]: Subscription taking message
[cam_communication-2] [DEBUG] [1739375026.955359129] [rcl]: Subscription take succeeded: true
[cam_communication-2] [DEBUG] [1739375026.955366169] [robot1.cam_communication]: Received odometry update
[cam_communication-2] [DEBUG] [1739375026.955375539] [robot1.cam_communication]: Updated vehicle dynamics - Speed: 0.00 m/s, Acc: -0.02 m/s², Yaw rate: 0.00 rad/s
[cam_communication-1] [DEBUG] [1739375026.956323747] [rcl]: Subscription taking message
[cam_communication-1] [DEBUG] [1739375026.956337077] [rcl]: Subscription take succeeded: true
[cam_communication-1] [DEBUG] [1739375026.956343547] [robot0.cam_communication]: Received odometry update
[cam_communication-1] [DEBUG] [1739375026.956353318] [robot0.cam_communication]: Updated vehicle dynamics - Speed: 0.00 m/s, Acc: 0.00 m/s², Yaw rate: 0.00 rad/s
[cam_communication-2] [DEBUG] [1739375026.965885088] [rcl]: Subscription taking message
[cam_communication-2] [DEBUG] [1739375026.965898919] [rcl]: Subscription take succeeded: true
[cam_communication-2] [DEBUG] [1739375026.965905939] [robot1.cam_communication]: Received odometry update
[cam_communication-2] [DEBUG] [1739375026.965916859] [robot1.cam_communication]: Updated vehicle dynamics - Speed: 0.00 m/s, Acc: 0.12 m/s², Yaw rate: -0.00 rad/s
[cam_communication-1] [DEBUG] [1739375026.966873977] [rcl]: Subscription taking message
[cam_communication-1] [DEBUG] [1739375026.966888547] [rcl]: Subscription take succeeded: true
[cam_communication-1] [DEBUG] [1739375026.966895487] [robot0.cam_communication]: Received odometry update
[cam_communication-1] [DEBUG] [1739375026.966904668] [robot0.cam_communication]: Updated vehicle dynamics - Speed: 0.00 m/s, Acc: -0.00 m/s², Yaw rate: -0.00 rad/s
[cam_communication-2] [DEBUG] [1739375026.976439869] [rcl]: Subscription taking message
[cam_communication-2] [DEBUG] [1739375026.976454979] [rcl]: Subscription take succeeded: true
[cam_communication-2] [DEBUG] [1739375026.976461369] [robot1.cam_communication]: Received odometry update
[cam_communication-2] [DEBUG] [1739375026.976470729] [robot1.cam_communication]: Updated vehicle dynamics - Speed: 0.00 m/s, Acc: 0.16 m/s², Yaw rate: -0.00 rad/s
[cam_communication-1] [DEBUG] [1739375026.977431457] [rcl]: Subscription taking message
[cam_communication-1] [DEBUG] [1739375026.977444848] [rcl]: Subscription take succeeded: true
[cam_communication-1] [DEBUG] [1739375026.977452598] [robot0.cam_communication]: Received odometry update
[cam_communication-1] [DEBUG] [1739375026.977482008] [robot0.cam_communication]: Updated vehicle dynamics - Speed: 0.00 m/s, Acc: 0.00 m/s², Yaw rate: 0.00 rad/s
[cam_communication-2] [DEBUG] [1739375026.986638432] [rcl]: Subscription taking message
[cam_communication-2] [DEBUG] [1739375026.986673183] [rcl]: Subscription take succeeded: true
[cam_communication-2] [DEBUG] [1739375026.986681523] [robot1.cam_communication]: Received odometry update
[cam_communication-2] [DEBUG] [1739375026.986695503] [robot1.cam_communication]: Updated vehicle dynamics - Speed: 0.00 m/s, Acc: -0.24 m/s², Yaw rate: -0.00 rad/s
[cam_communication-1] [DEBUG] [1739375026.987436967] [rcl]: Subscription taking message
[cam_communication-1] [DEBUG] [1739375026.987452967] [rcl]: Subscription take succeeded: true
[cam_communication-1] [DEBUG] [1739375026.987462028] [robot0.cam_communication]: Received odometry update
[cam_communication-1] [DEBUG] [1739375026.987474018] [robot0.cam_communication]: Updated vehicle dynamics - Speed: 0.00 m/s, Acc: -0.00 m/s², Yaw rate: -0.00 rad/s
[cam_communication-2] [DEBUG] [1739375026.996791284] [rcl]: Subscription taking message
[cam_communication-2] [DEBUG] [1739375026.996804845] [rcl]: Subscription take succeeded: true
[cam_communication-2] [DEBUG] [1739375026.996812415] [robot1.cam_communication]: Received odometry update
[cam_communication-2] [DEBUG] [1739375026.996824415] [robot1.cam_communication]: Updated vehicle dynamics - Speed: 0.00 m/s, Acc: -0.06 m/s², Yaw rate: 0.00 rad/s
[cam_communication-1] [DEBUG] [1739375026.997788913] [rcl]: Subscription taking message
[cam_communication-1] [DEBUG] [1739375026.997803064] [rcl]: Subscription take succeeded: true
[cam_communication-1] [DEBUG] [1739375026.997810814] [robot0.cam_communication]: Received odometry update
[cam_communication-1] [DEBUG] [1739375026.997820434] [robot0.cam_communication]: Updated vehicle dynamics - Speed: 0.00 m/s, Acc: 0.00 m/s², Yaw rate: 0.00 rad/s
[cam_communication-2] [DEBUG] [1739375027.006690612] [rcl]: Subscription taking message
[cam_communication-2] [DEBUG] [1739375027.006704723] [rcl]: Subscription take succeeded: true
[cam_communication-2] [DEBUG] [1739375027.006712773] [robot1.cam_communication]: Received odometry update
[cam_communication-2] [DEBUG] [1739375027.006724983] [robot1.cam_communication]: Updated vehicle dynamics - Speed: 0.00 m/s, Acc: 0.03 m/s², Yaw rate: 0.00 rad/s
[cam_communication-1] [DEBUG] [1739375027.006712583] [rcl]: Calling timer
[cam_communication-1] [DEBUG] [1739375027.006723253] [robot0.cam_communication]: Timer callback - Time since last CAM: 0.90 seconds
[cam_communication-1] [DEBUG] [1739375027.006737123] [robot0.cam_communication]: Checking trigger conditions:
[cam_communication-1] [DEBUG] [1739375027.006741023] [robot0.cam_communication]:   Speed diff: 0.002 (threshold: 0.05)
[cam_communication-1] [DEBUG] [1739375027.006745073] [robot0.cam_communication]:   Position diff: 0.000 (threshold: 0.4)
[cam_communication-1] [DEBUG] [1739375027.006749033] [robot0.cam_communication]:   Heading diff: 0.000 degrees (threshold: 4.0)
[cam_communication-1] [DEBUG] [1739375027.007672681] [rcl]: Subscription taking message
[cam_communication-1] [DEBUG] [1739375027.007684261] [rcl]: Subscription take succeeded: true
[cam_communication-1] [DEBUG] [1739375027.007691581] [robot0.cam_communication]: Received odometry update
[cam_communication-1] [DEBUG] [1739375027.007702371] [robot0.cam_communication]: Updated vehicle dynamics - Speed: 0.00 m/s, Acc: -0.00 m/s², Yaw rate: -0.00 rad/s
[cam_communication-2] [DEBUG] [1739375027.013322198] [rcl]: Calling timer
[cam_communication-2] [DEBUG] [1739375027.013333598] [robot1.cam_communication]: Timer callback - Time since last CAM: 0.90 seconds
[cam_communication-2] [DEBUG] [1739375027.013348919] [robot1.cam_communication]: Checking trigger conditions:
[cam_communication-2] [DEBUG] [1739375027.013354279] [robot1.cam_communication]:   Speed diff: 0.000 (threshold: 0.05)
[cam_communication-2] [DEBUG] [1739375027.013359999] [robot1.cam_communication]:   Position diff: 0.000 (threshold: 0.4)
[cam_communication-2] [DEBUG] [1739375027.013365229] [robot1.cam_communication]:   Heading diff: 0.000 degrees (threshold: 4.0)
[cam_communication-2] [DEBUG] [1739375027.017854474] [rcl]: Subscription taking message
[cam_communication-2] [DEBUG] [1739375027.017869394] [rcl]: Subscription take succeeded: true
[cam_communication-2] [DEBUG] [1739375027.017876364] [robot1.cam_communication]: Received odometry update
[cam_communication-2] [DEBUG] [1739375027.017886175] [robot1.cam_communication]: Updated vehicle dynamics - Speed: 0.00 m/s, Acc: 0.12 m/s², Yaw rate: 0.00 rad/s
[cam_communication-1] [DEBUG] [1739375027.018845723] [rcl]: Subscription taking message
[cam_communication-1] [DEBUG] [1739375027.018861833] [rcl]: Subscription take succeeded: true
[cam_communication-1] [DEBUG] [1739375027.018869623] [robot0.cam_communication]: Received odometry update
[cam_communication-1] [DEBUG] [1739375027.018879183] [robot0.cam_communication]: Updated vehicle dynamics - Speed: 0.00 m/s, Acc: 0.00 m/s², Yaw rate: 0.00 rad/s
[cam_communication-2] [DEBUG] [1739375027.027808533] [rcl]: Subscription taking message
[cam_communication-2] [DEBUG] [1739375027.027892014] [rcl]: Subscription take succeeded: true
[cam_communication-2] [DEBUG] [1739375027.027902075] [robot1.cam_communication]: Received odometry update
[cam_communication-2] [DEBUG] [1739375027.027933815] [robot1.cam_communication]: Updated vehicle dynamics - Speed: 0.00 m/s, Acc: 0.11 m/s², Yaw rate: -0.00 rad/s
[cam_communication-1] [DEBUG] [1739375027.029337312] [rcl]: Subscription taking message
[cam_communication-1] [DEBUG] [1739375027.029361572] [rcl]: Subscription take succeeded: true
[cam_communication-1] [DEBUG] [1739375027.029369772] [robot0.cam_communication]: Received odometry update
[cam_communication-1] [DEBUG] [1739375027.029379833] [robot0.cam_communication]: Updated vehicle dynamics - Speed: 0.00 m/s, Acc: -0.00 m/s², Yaw rate: -0.00 rad/s
[cam_communication-2] [DEBUG] [1739375027.038307952] [rcl]: Subscription taking message
[cam_communication-2] [DEBUG] [1739375027.038324902] [rcl]: Subscription take succeeded: true
[cam_communication-2] [DEBUG] [1739375027.038333782] [robot1.cam_communication]: Received odometry update
[cam_communication-2] [DEBUG] [1739375027.038346543] [robot1.cam_communication]: Updated vehicle dynamics - Speed: 0.00 m/s, Acc: -0.29 m/s², Yaw rate: -0.00 rad/s
[cam_communication-1] [DEBUG] [1739375027.039309961] [rcl]: Subscription taking message
[cam_communication-1] [DEBUG] [1739375027.039329351] [rcl]: Subscription take succeeded: true
[cam_communication-1] [DEBUG] [1739375027.039340701] [robot0.cam_communication]: Received odometry update
[cam_communication-1] [DEBUG] [1739375027.039354402] [robot0.cam_communication]: Updated vehicle dynamics - Speed: 0.00 m/s, Acc: 0.00 m/s², Yaw rate: 0.00 rad/s
[cam_communication-2] [DEBUG] [1739375027.049203019] [rcl]: Subscription taking message
[cam_communication-2] [DEBUG] [1739375027.049218929] [rcl]: Subscription take succeeded: true
[cam_communication-2] [DEBUG] [1739375027.049226169] [robot1.cam_communication]: Received odometry update
[cam_communication-2] [DEBUG] [1739375027.049249569] [robot1.cam_communication]: Updated vehicle dynamics - Speed: 0.00 m/s, Acc: 0.01 m/s², Yaw rate: -0.01 rad/s
[cam_communication-1] [DEBUG] [1739375027.050030284] [rcl]: Subscription taking message
[cam_communication-1] [DEBUG] [1739375027.050045255] [rcl]: Subscription take succeeded: true
[cam_communication-1] [DEBUG] [1739375027.050053085] [robot0.cam_communication]: Received odometry update
[cam_communication-1] [DEBUG] [1739375027.050062685] [robot0.cam_communication]: Updated vehicle dynamics - Speed: 0.00 m/s, Acc: -0.00 m/s², Yaw rate: -0.00 rad/s
[cam_communication-2] [DEBUG] [1739375027.059003654] [rcl]: Subscription taking message
[cam_communication-2] [DEBUG] [1739375027.059018105] [rcl]: Subscription take succeeded: true
[cam_communication-2] [DEBUG] [1739375027.059026025] [robot1.cam_communication]: Received odometry update
[cam_communication-2] [DEBUG] [1739375027.059037585] [robot1.cam_communication]: Updated vehicle dynamics - Speed: 0.00 m/s, Acc: 0.09 m/s², Yaw rate: 0.00 rad/s
[cam_communication-1] [DEBUG] [1739375027.059998873] [rcl]: Subscription taking message
[cam_communication-1] [DEBUG] [1739375027.060013584] [rcl]: Subscription take succeeded: true
[cam_communication-1] [DEBUG] [1739375027.060041324] [robot0.cam_communication]: Received odometry update
[cam_communication-1] [DEBUG] [1739375027.060050894] [robot0.cam_communication]: Updated vehicle dynamics - Speed: 0.00 m/s, Acc: -0.00 m/s², Yaw rate: 0.00 rad/s
[cam_communication-2] [DEBUG] [1739375027.069994123] [rcl]: Subscription taking message
[cam_communication-2] [DEBUG] [1739375027.070023853] [rcl]: Subscription take succeeded: true
[cam_communication-2] [DEBUG] [1739375027.070033014] [robot1.cam_communication]: Received odometry update
[cam_communication-2] [DEBUG] [1739375027.070046054] [robot1.cam_communication]: Updated vehicle dynamics - Speed: 0.00 m/s, Acc: 0.16 m/s², Yaw rate: 0.00 rad/s
[cam_communication-1] [DEBUG] [1739375027.070950181] [rcl]: Subscription taking message
[cam_communication-1] [DEBUG] [1739375027.070965701] [rcl]: Subscription take succeeded: true
[cam_communication-1] [DEBUG] [1739375027.070973531] [robot0.cam_communication]: Received odometry update
[cam_communication-1] [DEBUG] [1739375027.070983192] [robot0.cam_communication]: Updated vehicle dynamics - Speed: 0.00 m/s, Acc: 0.00 m/s², Yaw rate: -0.00 rad/s
[cam_communication-2] [DEBUG] [1739375027.079970162] [rcl]: Subscription taking message
[cam_communication-2] [DEBUG] [1739375027.079988512] [rcl]: Subscription take succeeded: true
[cam_communication-2] [DEBUG] [1739375027.079997173] [robot1.cam_communication]: Received odometry update
[cam_communication-2] [DEBUG] [1739375027.080010333] [robot1.cam_communication]: Updated vehicle dynamics - Speed: 0.00 m/s, Acc: -0.22 m/s², Yaw rate: -0.00 rad/s
[cam_communication-1] [DEBUG] [1739375027.081092803] [rcl]: Subscription taking message
[cam_communication-1] [DEBUG] [1739375027.081111324] [rcl]: Subscription take succeeded: true
[cam_communication-1] [DEBUG] [1739375027.081119704] [robot0.cam_communication]: Received odometry update
[cam_communication-1] [DEBUG] [1739375027.081133214] [robot0.cam_communication]: Updated vehicle dynamics - Speed: 0.00 m/s, Acc: -0.00 m/s², Yaw rate: 0.00 rad/s
[cam_communication-2] [DEBUG] [1739375027.090702036] [rcl]: Subscription taking message
[cam_communication-2] [DEBUG] [1739375027.090719306] [rcl]: Subscription take succeeded: true
[cam_communication-2] [DEBUG] [1739375027.090726386] [robot1.cam_communication]: Received odometry update
[cam_communication-2] [DEBUG] [1739375027.090737676] [robot1.cam_communication]: Updated vehicle dynamics - Speed: 0.00 m/s, Acc: 0.17 m/s², Yaw rate: 0.00 rad/s
[cam_communication-1] [DEBUG] [1739375027.091698334] [rcl]: Subscription taking message
[cam_communication-1] [DEBUG] [1739375027.091716135] [rcl]: Subscription take succeeded: true
[cam_communication-1] [DEBUG] [1739375027.091725115] [robot0.cam_communication]: Received odometry update
[cam_communication-1] [DEBUG] [1739375027.091738745] [robot0.cam_communication]: Updated vehicle dynamics - Speed: 0.00 m/s, Acc: 0.00 m/s², Yaw rate: -0.00 rad/s
[cam_communication-2] [DEBUG] [1739375027.101016981] [rcl]: Subscription taking message
[cam_communication-2] [DEBUG] [1739375027.101030991] [rcl]: Subscription take succeeded: true
[cam_communication-2] [DEBUG] [1739375027.101038142] [robot1.cam_communication]: Received odometry update
[cam_communication-2] [DEBUG] [1739375027.101049402] [robot1.cam_communication]: Updated vehicle dynamics - Speed: 0.00 m/s, Acc: 0.01 m/s², Yaw rate: 0.00 rad/s
[cam_communication-1] [DEBUG] [1739375027.102013050] [rcl]: Subscription taking message
[cam_communication-1] [DEBUG] [1739375027.102027730] [rcl]: Subscription take succeeded: true
[cam_communication-1] [DEBUG] [1739375027.102035121] [robot0.cam_communication]: Received odometry update
[cam_communication-1] [DEBUG] [1739375027.102045631] [robot0.cam_communication]: Updated vehicle dynamics - Speed: 0.00 m/s, Acc: -0.00 m/s², Yaw rate: 0.00 rad/s
[cam_communication-1] [DEBUG] [1739375027.106664378] [rcl]: Calling timer
[cam_communication-1] [DEBUG] [1739375027.106675579] [robot0.cam_communication]: Timer callback - Time since last CAM: 1.00 seconds
[cam_communication-1] [DEBUG] [1739375027.106691499] [robot0.cam_communication]: Checking trigger conditions:
[cam_communication-1] [DEBUG] [1739375027.106695989] [robot0.cam_communication]:   Speed diff: 0.002 (threshold: 0.05)
[cam_communication-1] [DEBUG] [1739375027.106701699] [robot0.cam_communication]:   Position diff: 0.000 (threshold: 0.4)
[cam_communication-1] [DEBUG] [1739375027.106705219] [robot0.cam_communication]:   Heading diff: 0.000 degrees (threshold: 4.0)
[cam_communication-2] [DEBUG] [1739375027.111256645] [rcl]: Subscription taking message
[cam_communication-2] [DEBUG] [1739375027.111274066] [rcl]: Subscription take succeeded: true
[cam_communication-2] [DEBUG] [1739375027.111281656] [robot1.cam_communication]: Received odometry update
[cam_communication-2] [DEBUG] [1739375027.111325807] [robot1.cam_communication]: Updated vehicle dynamics - Speed: 0.00 m/s, Acc: 0.00 m/s², Yaw rate: 0.00 rad/s
[cam_communication-1] [DEBUG] [1739375027.112250644] [rcl]: Subscription taking message
[cam_communication-1] [DEBUG] [1739375027.112269705] [rcl]: Subscription take succeeded: true
[cam_communication-1] [DEBUG] [1739375027.112277485] [robot0.cam_communication]: Received odometry update
[cam_communication-1] [DEBUG] [1739375027.112291305] [robot0.cam_communication]: Updated vehicle dynamics - Speed: 0.00 m/s, Acc: 0.00 m/s², Yaw rate: -0.00 rad/s
[cam_communication-2] [DEBUG] [1739375027.113321375] [rcl]: Calling timer
[cam_communication-2] [DEBUG] [1739375027.113330335] [robot1.cam_communication]: Timer callback - Time since last CAM: 1.00 seconds
[cam_communication-2] [DEBUG] [1739375027.113347295] [robot1.cam_communication]: Checking trigger conditions:
[cam_communication-2] [DEBUG] [1739375027.113350795] [robot1.cam_communication]:   Speed diff: 0.002 (threshold: 0.05)
[cam_communication-2] [DEBUG] [1739375027.113354625] [robot1.cam_communication]:   Position diff: 0.000 (threshold: 0.4)
[cam_communication-2] [DEBUG] [1739375027.113357655] [robot1.cam_communication]:   Heading diff: 0.000 degrees (threshold: 4.0)
[cam_communication-2] [DEBUG] [1739375027.121859417] [rcl]: Subscription taking message
[cam_communication-2] [DEBUG] [1739375027.121874957] [rcl]: Subscription take succeeded: true
[cam_communication-2] [DEBUG] [1739375027.121883687] [robot1.cam_communication]: Received odometry update
[cam_communication-2] [DEBUG] [1739375027.121895007] [robot1.cam_communication]: Updated vehicle dynamics - Speed: 0.00 m/s, Acc: 0.03 m/s², Yaw rate: -0.00 rad/s
[cam_communication-1] [DEBUG] [1739375027.122849305] [rcl]: Subscription taking message
[cam_communication-1] [DEBUG] [1739375027.122864856] [rcl]: Subscription take succeeded: true
[cam_communication-1] [DEBUG] [1739375027.122872606] [robot0.cam_communication]: Received odometry update
[cam_communication-1] [DEBUG] [1739375027.122884926] [robot0.cam_communication]: Updated vehicle dynamics - Speed: 0.00 m/s, Acc: -0.00 m/s², Yaw rate: 0.00 rad/s
[cam_communication-2] [DEBUG] [1739375027.131854096] [rcl]: Subscription taking message
[cam_communication-2] [DEBUG] [1739375027.131866786] [rcl]: Subscription take succeeded: true
[cam_communication-2] [DEBUG] [1739375027.131873916] [robot1.cam_communication]: Received odometry update
[cam_communication-2] [DEBUG] [1739375027.131885417] [robot1.cam_communication]: Updated vehicle dynamics - Speed: 0.00 m/s, Acc: -0.07 m/s², Yaw rate: 0.01 rad/s
[cam_communication-1] [DEBUG] [1739375027.132854135] [rcl]: Subscription taking message
[cam_communication-1] [DEBUG] [1739375027.132868995] [rcl]: Subscription take succeeded: true
[cam_communication-1] [DEBUG] [1739375027.132876935] [robot0.cam_communication]: Received odometry update
[cam_communication-1] [DEBUG] [1739375027.132899356] [robot0.cam_communication]: Updated vehicle dynamics - Speed: 0.00 m/s, Acc: 0.00 m/s², Yaw rate: -0.00 rad/s
[cam_communication-2] [DEBUG] [1739375027.142451117] [rcl]: Subscription taking message
[cam_communication-2] [DEBUG] [1739375027.142469217] [rcl]: Subscription take succeeded: true
[cam_communication-2] [DEBUG] [1739375027.142476818] [robot1.cam_communication]: Received odometry update
[cam_communication-2] [DEBUG] [1739375027.142488008] [robot1.cam_communication]: Updated vehicle dynamics - Speed: 0.00 m/s, Acc: -0.15 m/s², Yaw rate: -0.00 rad/s
[cam_communication-1] [DEBUG] [1739375027.143452856] [rcl]: Subscription taking message
[cam_communication-1] [DEBUG] [1739375027.143465236] [rcl]: Subscription take succeeded: true
[cam_communication-1] [DEBUG] [1739375027.143472086] [robot0.cam_communication]: Received odometry update
[cam_communication-1] [DEBUG] [1739375027.143481997] [robot0.cam_communication]: Updated vehicle dynamics - Speed: 0.00 m/s, Acc: -0.00 m/s², Yaw rate: 0.00 rad/s
[cam_communication-2] [DEBUG] [1739375027.153581418] [rcl]: Subscription taking message
[cam_communication-2] [DEBUG] [1739375027.153596558] [rcl]: Subscription take succeeded: true
[cam_communication-2] [DEBUG] [1739375027.153603849] [robot1.cam_communication]: Received odometry update
[cam_communication-2] [DEBUG] [1739375027.153615199] [robot1.cam_communication]: Updated vehicle dynamics - Speed: 0.00 m/s, Acc: -0.06 m/s², Yaw rate: 0.00 rad/s
[cam_communication-1] [DEBUG] [1739375027.154560127] [rcl]: Subscription taking message
[cam_communication-1] [DEBUG] [1739375027.154572627] [rcl]: Subscription take succeeded: true
[cam_communication-1] [DEBUG] [1739375027.154579167] [robot0.cam_communication]: Received odometry update
[cam_communication-1] [DEBUG] [1739375027.154588577] [robot0.cam_communication]: Updated vehicle dynamics - Speed: 0.00 m/s, Acc: 0.00 m/s², Yaw rate: -0.00 rad/s
[cam_communication-2] [DEBUG] [1739375027.163539117] [rcl]: Subscription taking message
[cam_communication-2] [DEBUG] [1739375027.163553717] [rcl]: Subscription take succeeded: true
[cam_communication-2] [DEBUG] [1739375027.163560227] [robot1.cam_communication]: Received odometry update
[cam_communication-2] [DEBUG] [1739375027.163597678] [robot1.cam_communication]: Updated vehicle dynamics - Speed: 0.00 m/s, Acc: 0.08 m/s², Yaw rate: -0.00 rad/s
[cam_communication-1] [DEBUG] [1739375027.164524466] [rcl]: Subscription taking message
[cam_communication-1] [DEBUG] [1739375027.164556586] [rcl]: Subscription take succeeded: true
[cam_communication-1] [DEBUG] [1739375027.164564856] [robot0.cam_communication]: Received odometry update
[cam_communication-1] [DEBUG] [1739375027.164574657] [robot0.cam_communication]: Updated vehicle dynamics - Speed: 0.00 m/s, Acc: -0.00 m/s², Yaw rate: 0.00 rad/s
[cam_communication-2] [DEBUG] [1739375027.173875723] [rcl]: Subscription taking message
[cam_communication-2] [DEBUG] [1739375027.173889773] [rcl]: Subscription take succeeded: true
[cam_communication-2] [DEBUG] [1739375027.173899554] [robot1.cam_communication]: Received odometry update
[cam_communication-2] [DEBUG] [1739375027.173914654] [robot1.cam_communication]: Updated vehicle dynamics - Speed: 0.00 m/s, Acc: 0.10 m/s², Yaw rate: 0.01 rad/s
[cam_communication-1] [DEBUG] [1739375027.174857772] [rcl]: Subscription taking message
[cam_communication-1] [DEBUG] [1739375027.174872062] [rcl]: Subscription take succeeded: true
[cam_communication-1] [DEBUG] [1739375027.174880022] [robot0.cam_communication]: Received odometry update
[cam_communication-1] [DEBUG] [1739375027.174892042] [robot0.cam_communication]: Updated vehicle dynamics - Speed: 0.00 m/s, Acc: 0.00 m/s², Yaw rate: -0.00 rad/s
[cam_communication-2] [DEBUG] [1739375027.183821232] [rcl]: Subscription taking message
[cam_communication-2] [DEBUG] [1739375027.183835542] [rcl]: Subscription take succeeded: true
[cam_communication-2] [DEBUG] [1739375027.183843292] [robot1.cam_communication]: Received odometry update
[cam_communication-2] [DEBUG] [1739375027.183855342] [robot1.cam_communication]: Updated vehicle dynamics - Speed: 0.00 m/s, Acc: -0.15 m/s², Yaw rate: -0.00 rad/s
[cam_communication-1] [DEBUG] [1739375027.184810770] [rcl]: Subscription taking message
[cam_communication-1] [DEBUG] [1739375027.184824791] [rcl]: Subscription take succeeded: true
[cam_communication-1] [DEBUG] [1739375027.184832691] [robot0.cam_communication]: Received odometry update
[cam_communication-1] [DEBUG] [1739375027.184843821] [robot0.cam_communication]: Updated vehicle dynamics - Speed: 0.00 m/s, Acc: -0.00 m/s², Yaw rate: 0.00 rad/s
[cam_communication-2] [DEBUG] [1739375027.194305791] [rcl]: Subscription taking message
[cam_communication-2] [DEBUG] [1739375027.194319231] [rcl]: Subscription take succeeded: true
[cam_communication-2] [DEBUG] [1739375027.194325751] [robot1.cam_communication]: Received odometry update
[cam_communication-2] [DEBUG] [1739375027.194335821] [robot1.cam_communication]: Updated vehicle dynamics - Speed: 0.00 m/s, Acc: -0.02 m/s², Yaw rate: -0.00 rad/s
[cam_communication-1] [DEBUG] [1739375027.195309950] [rcl]: Subscription taking message
[cam_communication-1] [DEBUG] [1739375027.195324490] [rcl]: Subscription take succeeded: true
[cam_communication-1] [DEBUG] [1739375027.195331160] [robot0.cam_communication]: Received odometry update
[cam_communication-1] [DEBUG] [1739375027.195341170] [robot0.cam_communication]: Updated vehicle dynamics - Speed: 0.00 m/s, Acc: 0.00 m/s², Yaw rate: -0.00 rad/s
[cam_communication-2] [DEBUG] [1739375027.204720138] [rcl]: Subscription taking message
[cam_communication-2] [DEBUG] [1739375027.204736588] [rcl]: Subscription take succeeded: true
[cam_communication-2] [DEBUG] [1739375027.204747339] [robot1.cam_communication]: Received odometry update
[cam_communication-2] [DEBUG] [1739375027.204762549] [robot1.cam_communication]: Updated vehicle dynamics - Speed: 0.00 m/s, Acc: -0.01 m/s², Yaw rate: 0.00 rad/s
[cam_communication-1] [DEBUG] [1739375027.206354199] [rcl]: Subscription taking message
[cam_communication-1] [DEBUG] [1739375027.206367089] [rcl]: Subscription take succeeded: true
[cam_communication-1] [DEBUG] [1739375027.206374789] [robot0.cam_communication]: Received odometry update
[cam_communication-1] [DEBUG] [1739375027.206385740] [robot0.cam_communication]: Updated vehicle dynamics - Speed: 0.00 m/s, Acc: -0.00 m/s², Yaw rate: 0.00 rad/s
[cam_communication-1] [DEBUG] [1739375027.206704526] [rcl]: Calling timer
[cam_communication-1] [DEBUG] [1739375027.206711146] [robot0.cam_communication]: Timer callback - Time since last CAM: 1.10 seconds
[cam_communication-1] [INFO] [1739375027.206720376] [robot0.cam_communication]: Publishing CAM due to timeout (>1s since last message)
[cam_communication-1] [INFO] [1739375027.206741826] [robot0.cam_communication]: Publishing CAM message (trigger: timeout)
[cam_communication-1] [DEBUG] [1739375027.206745166] [robot0.cam_communication]: Vehicle state:
[cam_communication-1] [DEBUG] [1739375027.206748307] [robot0.cam_communication]:   Position: (0.000000, 0.000000, 0.00)
[cam_communication-1] [DEBUG] [1739375027.206751887] [robot0.cam_communication]:   Speed: 0.00 m/s
[cam_communication-1] [DEBUG] [1739375027.206755467] [robot0.cam_communication]:   Heading: 0.00 deg
[cam_communication-1] [DEBUG] [1739375027.206758217] [robot0.cam_communication]:   Acceleration: -0.00 m/s²
[cam_communication-1] [DEBUG] [1739375027.206761257] [robot0.cam_communication]:   Yaw rate: 0.00 rad/s
[cam_communication-1] [DEBUG] [1739375027.206764177] [robot0.cam_communication]:   Curvature: 47.6633
[cam_communication-1] [DEBUG] [1739375027.206767767] [robot0.cam_communication]:   Drive direction: -1
[cam_communication-1] [INFO] [1739375027.206832318] [robot0.cam_communication]: CAM message published successfully
[cam_communication-1] [DEBUG] [1739375027.206862099] [rcl]: Subscription taking message
[cam_communication-1] [DEBUG] [1739375027.206869749] [rcl]: Subscription take succeeded: true
[cam_communication-1] [INFO] [1739375027.206884169] [robot0.cam_communication]: Received CAM message from Robot2 (my index=0, following Robot-1)
[cam_communication-2] [DEBUG] [1739375027.206875239] [rcl]: Subscription taking message
[cam_communication-2] [DEBUG] [1739375027.206918900] [rcl]: Subscription take succeeded: true
[cam_communication-2] [INFO] [1739375027.206931050] [robot1.cam_communication]: Received CAM message from Robot2 (my index=1, following Robot0)
[cam_communication-2] [DEBUG] [1739375027.213320011] [rcl]: Calling timer
[cam_communication-2] [DEBUG] [1739375027.213329381] [robot1.cam_communication]: Timer callback - Time since last CAM: 1.10 seconds
[cam_communication-2] [INFO] [1739375027.213340632] [robot1.cam_communication]: Publishing CAM due to timeout (>1s since last message)
[cam_communication-2] [INFO] [1739375027.213345322] [robot1.cam_communication]: Publishing CAM message (trigger: timeout)
[cam_communication-2] [DEBUG] [1739375027.213348832] [robot1.cam_communication]: Vehicle state:
[cam_communication-2] [DEBUG] [1739375027.213351822] [robot1.cam_communication]:   Position: (0.000000, 0.000000, 0.00)
[cam_communication-2] [DEBUG] [1739375027.213355572] [robot1.cam_communication]:   Speed: 0.00 m/s
[cam_communication-2] [DEBUG] [1739375027.213363632] [robot1.cam_communication]:   Heading: 0.00 deg
[cam_communication-2] [DEBUG] [1739375027.213367152] [robot1.cam_communication]:   Acceleration: -0.01 m/s²
[cam_communication-2] [DEBUG] [1739375027.213370612] [robot1.cam_communication]:   Yaw rate: 0.00 rad/s
[cam_communication-2] [DEBUG] [1739375027.213373952] [robot1.cam_communication]:   Curvature: 20.9002
[cam_communication-2] [DEBUG] [1739375027.213377552] [robot1.cam_communication]:   Drive direction: 1
[cam_communication-2] [INFO] [1739375027.213447494] [robot1.cam_communication]: CAM message published successfully
[cam_communication-2] [DEBUG] [1739375027.213474924] [rcl]: Subscription taking message
[cam_communication-1] [DEBUG] [1739375027.213484444] [rcl]: Subscription taking message
[cam_communication-1] [DEBUG] [1739375027.213500185] [rcl]: Subscription take succeeded: true
[cam_communication-1] [INFO] [1739375027.213510725] [robot0.cam_communication]: Received CAM message from Robot2 (my index=0, following Robot-1)
[cam_communication-2] [DEBUG] [1739375027.213497635] [rcl]: Subscription take succeeded: true
[cam_communication-2] [INFO] [1739375027.213517395] [robot1.cam_communication]: Received CAM message from Robot2 (my index=1, following Robot0)
[cam_communication-2] [DEBUG] [1739375027.215315309] [rcl]: Subscription taking message
